Archive member included to satisfy reference by file (symbol)

/Users/dali/Documents/LPCXpresso_8.2.2/workspace/lpc_board_ea_devkit_4088/Debug/liblpc_board_ea_devkit_4088.a(board.o)
                              ./src/FinalProject_MPU.o (Board_UART_Init)
/Users/dali/Documents/LPCXpresso_8.2.2/workspace/lpc_board_ea_devkit_4088/Debug/liblpc_board_ea_devkit_4088.a(board_sysinit.o)
                              ./src/sysinit.o (Board_SystemInit)
/Users/dali/Documents/LPCXpresso_8.2.2/workspace/lpc_board_ea_devkit_4088/Debug/liblpc_board_ea_devkit_4088.a(uda1380.o)
                              /Users/dali/Documents/LPCXpresso_8.2.2/workspace/lpc_board_ea_devkit_4088/Debug/liblpc_board_ea_devkit_4088.a(board.o) (UDA1380_Init)
/Users/dali/Documents/LPCXpresso_8.2.2/workspace/lpc_chip_40xx/Debug/liblpc_chip_40xx.a(chip_17xx_40xx.o)
                              ./src/FinalProject_MPU.o (SystemCoreClockUpdate)
/Users/dali/Documents/LPCXpresso_8.2.2/workspace/lpc_chip_40xx/Debug/liblpc_chip_40xx.a(clock_17xx_40xx.o)
                              /Users/dali/Documents/LPCXpresso_8.2.2/workspace/lpc_chip_40xx/Debug/liblpc_chip_40xx.a(chip_17xx_40xx.o) (Chip_Clock_SetupPLL)
/Users/dali/Documents/LPCXpresso_8.2.2/workspace/lpc_chip_40xx/Debug/liblpc_chip_40xx.a(emc_17xx_40xx.o)
                              /Users/dali/Documents/LPCXpresso_8.2.2/workspace/lpc_board_ea_devkit_4088/Debug/liblpc_board_ea_devkit_4088.a(board_sysinit.o) (Chip_EMC_Dynamic_Init)
/Users/dali/Documents/LPCXpresso_8.2.2/workspace/lpc_chip_40xx/Debug/liblpc_chip_40xx.a(fpu_init.o)
                              ./src/sysinit.o (fpuInit)
/Users/dali/Documents/LPCXpresso_8.2.2/workspace/lpc_chip_40xx/Debug/liblpc_chip_40xx.a(i2c_17xx_40xx.o)
                              ./src/FinalProject_MPU.o (Chip_I2C_EventHandler)
/Users/dali/Documents/LPCXpresso_8.2.2/workspace/lpc_chip_40xx/Debug/liblpc_chip_40xx.a(i2s_17xx_40xx.o)
                              /Users/dali/Documents/LPCXpresso_8.2.2/workspace/lpc_board_ea_devkit_4088/Debug/liblpc_board_ea_devkit_4088.a(board.o) (Chip_I2S_Init)
/Users/dali/Documents/LPCXpresso_8.2.2/workspace/lpc_chip_40xx/Debug/liblpc_chip_40xx.a(iocon_17xx_40xx.o)
                              /Users/dali/Documents/LPCXpresso_8.2.2/workspace/lpc_board_ea_devkit_4088/Debug/liblpc_board_ea_devkit_4088.a(board_sysinit.o) (Chip_IOCON_SetPinMuxing)
/Users/dali/Documents/LPCXpresso_8.2.2/workspace/lpc_chip_40xx/Debug/liblpc_chip_40xx.a(ring_buffer.o)
                              ./src/FinalProject_MPU.o (RingBuffer_Init)
/Users/dali/Documents/LPCXpresso_8.2.2/workspace/lpc_chip_40xx/Debug/liblpc_chip_40xx.a(ssp_17xx_40xx.o)
                              ./src/FinalProject_MPU.o (Chip_SSP_RWFrames_Blocking)
/Users/dali/Documents/LPCXpresso_8.2.2/workspace/lpc_chip_40xx/Debug/liblpc_chip_40xx.a(sysctl_17xx_40xx.o)
                              /Users/dali/Documents/LPCXpresso_8.2.2/workspace/lpc_board_ea_devkit_4088/Debug/liblpc_board_ea_devkit_4088.a(board_sysinit.o) (Chip_SYSCTL_PeriphReset)
/Users/dali/Documents/LPCXpresso_8.2.2/workspace/lpc_chip_40xx/Debug/liblpc_chip_40xx.a(sysinit_17xx_40xx.o)
                              /Users/dali/Documents/LPCXpresso_8.2.2/workspace/lpc_board_ea_devkit_4088/Debug/liblpc_board_ea_devkit_4088.a(board_sysinit.o) (Chip_SetupXtalClocking)
/Users/dali/Documents/LPCXpresso_8.2.2/workspace/lpc_chip_40xx/Debug/liblpc_chip_40xx.a(timer_17xx_40xx.o)
                              ./src/FinalProject_MPU.o (Chip_TIMER_Init)
/Users/dali/Documents/LPCXpresso_8.2.2/workspace/lpc_chip_40xx/Debug/liblpc_chip_40xx.a(uart_17xx_40xx.o)
                              ./src/FinalProject_MPU.o (Chip_UART_Init)
/Applications/lpcxpresso_8.2.2_650/lpcxpresso/tools/bin/../lib/gcc/arm-none-eabi/5.4.1/../../../../arm-none-eabi/lib/armv7e-m/softfp/libcr_semihost.a(_cr__main.o)
                              ./src/cr_startup_lpc407x_8x.o (__main)
/Applications/lpcxpresso_8.2.2_650/lpcxpresso/tools/bin/../lib/gcc/arm-none-eabi/5.4.1/../../../../arm-none-eabi/lib/armv7e-m/softfp/libcr_c.a(atan2f.o)
                              ./src/FusionAhrs.o (atan2f)
/Applications/lpcxpresso_8.2.2_650/lpcxpresso/tools/bin/../lib/gcc/arm-none-eabi/5.4.1/../../../../arm-none-eabi/lib/armv7e-m/softfp/libcr_c.a(atanf.o)
                              /Applications/lpcxpresso_8.2.2_650/lpcxpresso/tools/bin/../lib/gcc/arm-none-eabi/5.4.1/../../../../arm-none-eabi/lib/armv7e-m/softfp/libcr_c.a(atan2f.o) (atanf)
/Applications/lpcxpresso_8.2.2_650/lpcxpresso/tools/bin/../lib/gcc/arm-none-eabi/5.4.1/../../../../arm-none-eabi/lib/armv7e-m/softfp/libcr_c.a(cosf.o)
                              ./src/FusionAhrs.o (cosf)
/Applications/lpcxpresso_8.2.2_650/lpcxpresso/tools/bin/../lib/gcc/arm-none-eabi/5.4.1/../../../../arm-none-eabi/lib/armv7e-m/softfp/libcr_c.a(fabsf.o)
[...]
Memory Configuration

Name             Origin             Length             Attributes
MFlash512        0x0000000000000000 0x0000000000080000 xr
RamLoc64         0x0000000010000000 0x0000000000010000 xrw
RamPeriph32      0x0000000020000000 0x0000000000008000 xrw
*default*        0x0000000000000000 0xffffffffffffffff

Linker script and memory map

LOAD ./src/FinalProject_MPU.o
LOAD ./src/FusionAhrs.o
LOAD ./src/FusionBias.o
LOAD ./src/FusionCompass.o
LOAD ./src/cr_startup_lpc407x_8x.o
LOAD ./src/crp.o
LOAD ./src/sysinit.o
LOAD /Users/dali/Documents/LPCXpresso_8.2.2/workspace/lpc_board_ea_devkit_4088/Debug/liblpc_board_ea_devkit_4088.a
LOAD /Users/dali/Documents/LPCXpresso_8.2.2/workspace/lpc_chip_40xx/Debug/liblpc_chip_40xx.a
START GROUP
LOAD /Applications/lpcxpresso_8.2.2_650/lpcxpresso/tools/bin/../lib/gcc/arm-none-eabi/5.4.1/../../../../arm-none-eabi/lib/armv7e-m/softfp/libcr_semihost.a
LOAD /Applications/lpcxpresso_8.2.2_650/lpcxpresso/tools/bin/../lib/gcc/arm-none-eabi/5.4.1/../../../../arm-none-eabi/lib/armv7e-m/softfp/libcr_c.a
LOAD /Applications/lpcxpresso_8.2.2_650/lpcxpresso/tools/bin/../lib/gcc/arm-none-eabi/5.4.1/armv7e-m/softfp/libcr_eabihelpers.a
END GROUP
                0x0000000000000000                __base_MFlash512 = 0x0
                0x0000000000000000                __base_Flash = 0x0
                0x0000000000080000                __top_MFlash512 = 0x80000
                0x0000000000080000                __top_Flash = 0x80000
                0x0000000010000000                __base_RamLoc64 = 0x10000000
                0x0000000010000000                __base_RAM = 0x10000000
                0x0000000010010000                __top_RamLoc64 = 0x10010000
                0x0000000010010000                __top_RAM = 0x10010000
                0x0000000020000000                __base_RamPeriph32 = 0x20000000
                0x0000000020000000                __base_RAM2 = 0x20000000
                0x0000000020008000                __top_RamPeriph32 = 0x20008000
                0x0000000020008000                __top_RAM2 = 0x20008000

.text           0x0000000000000000     0x8908
 FILL mask 0xff
                0x0000000000000000                __vectors_start__ = ABSOLUTE (.)
 *(.isr_vector)
 .isr_vector    0x0000000000000000       0xe4 ./src/cr_startup_lpc407x_8x.o
                0x0000000000000000                g_pfnVectors
                0x00000000000000e4                . = ALIGN (0x4)
                0x00000000000000e4                __section_table_start = .
                0x00000000000000e4                __data_section_table = .
                0x00000000000000e4        0x4 LONG 0x8908 LOADADDR (.data)
                0x00000000000000e8        0x4 LONG 0x10000000 ADDR (.data)
                0x00000000000000ec        0x4 LONG 0x64 SIZEOF (.data)
                0x00000000000000f0        0x4 LONG 0x8908 LOADADDR (.data_RAM2)
                0x00000000000000f4        0x4 LONG 0x20000000 ADDR (.data_RAM2)
                0x00000000000000f8        0x4 LONG 0x0 SIZEOF (.data_RAM2)
                0x00000000000000fc                __data_section_table_end = .
                0x00000000000000fc                __bss_section_table = .
                0x00000000000000fc        0x4 LONG 0x10000064 ADDR (.bss)
                0x0000000000000100        0x4 LONG 0x34c SIZEOF (.bss)
                0x0000000000000104        0x4 LONG 0x20000000 ADDR (.bss_RAM2)
                0x0000000000000108        0x4 LONG 0x0 SIZEOF (.bss_RAM2)
                0x000000000000010c                __bss_section_table_end = .
                0x000000000000010c                __section_table_end = .
 *(.after_vectors*)
 .after_vectors
                0x000000000000010c      0x168 ./src/cr_startup_lpc407x_8x.o
                0x000000000000010c                data_init
                0x0000000000000150                bss_init
                0x0000000000000188                ResetISR
                0x0000000000000220                NMI_Handler
                0x0000000000000228                HardFault_Handler
                0x0000000000000230                MemManage_Handler
                0x0000000000000238                BusFault_Handler
                0x0000000000000240                UsageFault_Handler
                0x0000000000000248                SVC_Handler
                0x0000000000000250                DebugMon_Handler
                0x0000000000000258                PendSV_Handler
                0x0000000000000268                PLL0_IRQHandler
                0x0000000000000268                CAN_IRQHandler
                0x0000000000000268                PLL1_IRQHandler
                0x0000000000000268                SSP0_IRQHandler
                0x0000000000000268                I2S_IRQHandler
                0x0000000000000268                I2C2_IRQHandler
                0x0000000000000268                RTC_IRQHandler
                0x0000000000000268                SPI_IRQHandler
                0x0000000000000268                LCD_IRQHandler
                0x0000000000000268                EINT1_IRQHandler
                0x0000000000000268                UART2_IRQHandler
                0x0000000000000268                UART4_IRQHandler
                0x0000000000000268                ADC_IRQHandler
                0x0000000000000268                SSP1_IRQHandler
                0x0000000000000268                USB_IRQHandler
                0x0000000000000268                BOD_IRQHandler
                0x0000000000000268                WDT_IRQHandler
                0x0000000000000268                QEI_IRQHandler
                0x0000000000000268                EINT0_IRQHandler
                0x0000000000000268                ETH_IRQHandler
                0x0000000000000268                PWM0_IRQHandler
                0x0000000000000268                SSP2_IRQHandler
                0x0000000000000268                EEPROM_IRQHandler
                0x0000000000000268                DMA_IRQHandler
                0x0000000000000268                UART3_IRQHandler
                0x0000000000000268                MCPWM_IRQHandler
                0x0000000000000268                RIT_IRQHandler
                0x0000000000000268                USBActivity_IRQHandler
                0x0000000000000268                PWM1_IRQHandler
                0x0000000000000268                SDIO_IRQHandler
                0x0000000000000268                EINT2_IRQHandler
                0x0000000000000268                UART1_IRQHandler
                0x0000000000000268                EINT3_IRQHandler
                0x0000000000000268                CANActivity_IRQHandler
                0x0000000000000268                TIMER3_IRQHandler
                0x0000000000000268                IntDefaultHandler
                0x00000000000002fc                . = 0x2fc
 *fill*         0x0000000000000274       0x88 ff
                0x00000000000002fc                PROVIDE (__CRP_WORD_START__, .)
 *(.crp)
 .crp           0x00000000000002fc        0x4 ./src/crp.o
                0x00000000000002fc                CRP_WORD
                0x0000000000000300                PROVIDE (__CRP_WORD_END__, .)
                0x0000000000000001                ASSERT (! ((__CRP_WORD_START__ == __CRP_WORD_END__)), Linker CRP Enabled, but no CRP_WORD provided within application)
 *(.text*)
 .text.NVIC_EnableIRQ
                0x0000000000000300       0x34 ./src/FinalProject_MPU.o
 .text.NVIC_DisableIRQ
                0x0000000000000334       0x34 ./src/FinalProject_MPU.o
 .text.NVIC_ClearPendingIRQ
                0x0000000000000368       0x34 ./src/FinalProject_MPU.o
 .text.NVIC_SetPriority
                0x000000000000039c       0x54 ./src/FinalProject_MPU.o
 .text.Chip_IOCON_PinMuxSet
                0x00000000000003f0       0x30 ./src/FinalProject_MPU.o
 .text.Chip_IOCON_PinMux
                0x0000000000000420       0x2c ./src/FinalProject_MPU.o
 .text.Chip_GPIO_SetPinDIRInput
                0x000000000000044c       0x3c ./src/FinalProject_MPU.o
 .text.Chip_GPIOINT_SetIntFalling
                0x0000000000000488       0x30 ./src/FinalProject_MPU.o
 .text.Chip_GPIOINT_ClearIntStatus
                0x00000000000004b8       0x30 ./src/FinalProject_MPU.o
 .text.Chip_SSP_Enable
                0x00000000000004e8       0x20 ./src/FinalProject_MPU.o
 .text.Chip_SSP_SetFormat
                0x0000000000000508       0x34 ./src/FinalProject_MPU.o
 .text.Chip_TIMER_MatchPending
                0x000000000000053c       0x34 ./src/FinalProject_MPU.o
 .text.Chip_TIMER_ClearMatch
                0x0000000000000570       0x28 ./src/FinalProject_MPU.o
 .text.Chip_TIMER_Enable
                0x0000000000000598       0x20 ./src/FinalProject_MPU.o
 .text.Chip_TIMER_Disable
                0x00000000000005b8       0x20 ./src/FinalProject_MPU.o
 .text.Chip_TIMER_PrescaleSet
                0x00000000000005d8       0x1c ./src/FinalProject_MPU.o
 .text.Chip_TIMER_SetMatch
                0x00000000000005f4       0x28 ./src/FinalProject_MPU.o
 .text.Chip_TIMER_MatchEnableInt
                0x000000000000061c       0x34 ./src/FinalProject_MPU.o
 .text.Chip_UART_IntEnable
                0x0000000000000650       0x24 ./src/FinalProject_MPU.o
 .text.Chip_UART_SetupFIFOS
                0x0000000000000674       0x1c ./src/FinalProject_MPU.o
 .text.Chip_UART_ConfigData
                0x0000000000000690       0x1c ./src/FinalProject_MPU.o
 .text.SetPixelColor
                0x00000000000006ac       0x4c ./src/FinalProject_MPU.o
                0x00000000000006ac                SetPixelColor
 .text.SetPixelBrightness
                0x00000000000006f8       0x2c ./src/FinalProject_MPU.o
                0x00000000000006f8                SetPixelBrightness
 .text.ShowPixels
                0x0000000000000724       0x38 ./src/FinalProject_MPU.o
                0x0000000000000724                ShowPixels
 .text.delay_ms
                0x000000000000075c       0x3c ./src/FinalProject_MPU.o
                0x000000000000075c                delay_ms
 .text.LEDRight
                0x0000000000000798       0x7c ./src/FinalProject_MPU.o
                0x0000000000000798                LEDRight
 .text.LEDLeft  0x0000000000000814       0x7c ./src/FinalProject_MPU.o
                0x0000000000000814                LEDLeft
 .text.LEDFountainIn
                0x0000000000000890       0xb0 ./src/FinalProject_MPU.o
                0x0000000000000890                LEDFountainIn
 .text.LEDFountainOut
                0x0000000000000940       0xb4 ./src/FinalProject_MPU.o
                0x0000000000000940                LEDFountainOut
 .text.CCW      0x00000000000009f4       0x7c ./src/FinalProject_MPU.o
                0x00000000000009f4                CCW
 .text.CW       0x0000000000000a70       0x7c ./src/FinalProject_MPU.o
                0x0000000000000a70                CW
 .text.TxBuf_Init
                0x0000000000000aec       0x6c ./src/FinalProject_MPU.o
                0x0000000000000aec                TxBuf_Init
 .text.UART0_IRQHandler
                0x0000000000000b58       0x20 ./src/FinalProject_MPU.o
                0x0000000000000b58                UART0_IRQHandler
 .text.i2c_state_handling
                0x0000000000000b78       0x34 ./src/FinalProject_MPU.o
 .text.i2c_set_mode
                0x0000000000000bac       0x84 ./src/FinalProject_MPU.o
 .text.i2c_app_init
                0x0000000000000c30       0x3c ./src/FinalProject_MPU.o
 .text.GPIO_IRQHandler
                0x0000000000000c6c       0x5c ./src/FinalProject_MPU.o
                0x0000000000000c6c                GPIO_IRQHandler
 .text.Configure_GPIO_Interrupt
                0x0000000000000cc8       0x50 ./src/FinalProject_MPU.o
                0x0000000000000cc8                Configure_GPIO_Interrupt
 .text.SysTick_Handler
                0x0000000000000d18       0x10 ./src/FinalProject_MPU.o
                0x0000000000000d18                SysTick_Handler
 .text.I2C1_IRQHandler
                0x0000000000000d28       0x10 ./src/FinalProject_MPU.o
                0x0000000000000d28                I2C1_IRQHandler
 .text.I2C0_IRQHandler
                0x0000000000000d38       0x10 ./src/FinalProject_MPU.o
                0x0000000000000d38                I2C0_IRQHandler
 .text.MPU6050_Init
                0x0000000000000d48       0x30 ./src/FinalProject_MPU.o
                0x0000000000000d48                MPU6050_Init
 .text.MPU6050_Write
                0x0000000000000d78       0x30 ./src/FinalProject_MPU.o
                0x0000000000000d78                MPU6050_Write
 .text.MPU6050_GetMotionData
                0x0000000000000da8       0xac ./src/FinalProject_MPU.o
                0x0000000000000da8                MPU6050_GetMotionData
 .text.TIMER0_IRQHandler
                0x0000000000000e54       0x2c ./src/FinalProject_MPU.o
                0x0000000000000e54                TIMER0_IRQHandler
 .text.Timer0_setup
                0x0000000000000e80       0x54 ./src/FinalProject_MPU.o
                0x0000000000000e80                Timer0_setup
 .text.TIMER1_IRQHandler
                0x0000000000000ed4       0x34 ./src/FinalProject_MPU.o
                0x0000000000000ed4                TIMER1_IRQHandler
 .text.Timer1_setup
                0x0000000000000f08       0x50 ./src/FinalProject_MPU.o
                0x0000000000000f08                Timer1_setup
 .text.TIMER2_IRQHandler
                0x0000000000000f58       0x3c ./src/FinalProject_MPU.o
                0x0000000000000f58                TIMER2_IRQHandler
 .text.Timer2_setup
                0x0000000000000f94       0x40 ./src/FinalProject_MPU.o
                0x0000000000000f94                Timer2_setup
 .text.UART_setup
                0x0000000000000fd4       0x98 ./src/FinalProject_MPU.o
                0x0000000000000fd4                UART_setup
 .text.Spi_setup
                0x000000000000106c       0x64 ./src/FinalProject_MPU.o
                0x000000000000106c                Spi_setup
 .text.main     0x00000000000010d0      0x9c0 ./src/FinalProject_MPU.o
                0x00000000000010d0                main
 .text.FusionAhrsInitialise
                0x0000000000001a90       0x88 ./src/FusionAhrs.o
                0x0000000000001a90                FusionAhrsInitialise
 .text.FusionAhrsUpdate
                0x0000000000001b18      0xef4 ./src/FusionAhrs.o
                0x0000000000001b18                FusionAhrsUpdate
 .text.FusionAhrsCalculateEarthAcceleration
                0x0000000000002a0c      0x1e4 ./src/FusionAhrs.o
                0x0000000000002a0c                FusionAhrsCalculateEarthAcceleration
 .text.FusionAhrsZeroYaw
                0x0000000000002bf0      0x2a8 ./src/FusionAhrs.o
                0x0000000000002bf0                FusionAhrsZeroYaw
 .text.SystemInit
                0x0000000000002e98       0x28 ./src/sysinit.o
                0x0000000000002e98                SystemInit
 .text.Chip_IOCON_Init
                0x0000000000002ec0       0x18 /Users/dali/Documents/LPCXpresso_8.2.2/workspace/lpc_board_ea_devkit_4088/Debug/liblpc_board_ea_devkit_4088.a(board.o)
 .text.Chip_IOCON_PinMuxSet
                0x0000000000002ed8       0x30 /Users/dali/Documents/LPCXpresso_8.2.2/workspace/lpc_board_ea_devkit_4088/Debug/liblpc_board_ea_devkit_4088.a(board.o)
 .text.Chip_GPIO_Init
                0x0000000000002f08       0x18 /Users/dali/Documents/LPCXpresso_8.2.2/workspace/lpc_board_ea_devkit_4088/Debug/liblpc_board_ea_devkit_4088.a(board.o)
 .text.Chip_GPIO_SetPinState
                0x0000000000002f20       0x6c /Users/dali/Documents/LPCXpresso_8.2.2/workspace/lpc_board_ea_devkit_4088/Debug/liblpc_board_ea_devkit_4088.a(board.o)
 .text.Chip_GPIO_WritePortBit
                0x0000000000002f8c       0x2c /Users/dali/Documents/LPCXpresso_8.2.2/workspace/lpc_board_ea_devkit_4088/Debug/liblpc_board_ea_devkit_4088.a(board.o)
 .text.Chip_GPIO_GetPinState
                0x0000000000002fb8       0x3c /Users/dali/Documents/LPCXpresso_8.2.2/workspace/lpc_board_ea_devkit_4088/Debug/liblpc_board_ea_devkit_4088.a(board.o)
 .text.Chip_GPIO_SetPinDIROutput
                0x0000000000002ff4       0x3c /Users/dali/Documents/LPCXpresso_8.2.2/workspace/lpc_board_ea_devkit_4088/Debug/liblpc_board_ea_devkit_4088.a(board.o)
 .text.Chip_GPIO_SetPinDIRInput
                0x0000000000003030       0x3c /Users/dali/Documents/LPCXpresso_8.2.2/workspace/lpc_board_ea_devkit_4088/Debug/liblpc_board_ea_devkit_4088.a(board.o)
 .text.Chip_GPIO_SetPinDIR
                0x000000000000306c       0x44 /Users/dali/Documents/LPCXpresso_8.2.2/workspace/lpc_board_ea_devkit_4088/Debug/liblpc_board_ea_devkit_4088.a(board.o)
 .text.Chip_GPIO_WriteDirBit
                0x00000000000030b0       0x30 /Users/dali/Documents/LPCXpresso_8.2.2/workspace/lpc_board_ea_devkit_4088/Debug/liblpc_board_ea_devkit_4088.a(board.o)
 .text.Chip_GPIO_SetPinToggle
                0x00000000000030e0       0x4c /Users/dali/Documents/LPCXpresso_8.2.2/workspace/lpc_board_ea_devkit_4088/Debug/liblpc_board_ea_devkit_4088.a(board.o)
 .text.Chip_UART_ConfigData
                0x000000000000312c       0x1c /Users/dali/Documents/LPCXpresso_8.2.2/workspace/lpc_board_ea_devkit_4088/Debug/liblpc_board_ea_devkit_4088.a(board.o)
 .text.Board_LED_Init
                0x0000000000003148       0x4c /Users/dali/Documents/LPCXpresso_8.2.2/workspace/lpc_board_ea_devkit_4088/Debug/liblpc_board_ea_devkit_4088.a(board.o)
 .text.Board_UART_Init
                0x0000000000003194       0x60 /Users/dali/Documents/LPCXpresso_8.2.2/workspace/lpc_board_ea_devkit_4088/Debug/liblpc_board_ea_devkit_4088.a(board.o)
                0x0000000000003194                Board_UART_Init
 .text.Board_Debug_Init
                0x00000000000031f4       0x30 /Users/dali/Documents/LPCXpresso_8.2.2/workspace/lpc_board_ea_devkit_4088/Debug/liblpc_board_ea_devkit_4088.a(board.o)
                0x00000000000031f4                Board_Debug_Init
 .text.Board_LED_Set
                0x0000000000003224       0x54 /Users/dali/Documents/LPCXpresso_8.2.2/workspace/lpc_board_ea_devkit_4088/Debug/liblpc_board_ea_devkit_4088.a(board.o)
                0x0000000000003224                Board_LED_Set
 .text.Board_LED_Toggle
                0x0000000000003278       0x38 /Users/dali/Documents/LPCXpresso_8.2.2/workspace/lpc_board_ea_devkit_4088/Debug/liblpc_board_ea_devkit_4088.a(board.o)
                0x0000000000003278                Board_LED_Toggle
 .text.Board_SSP_Init
                0x00000000000032b0       0x90 /Users/dali/Documents/LPCXpresso_8.2.2/workspace/lpc_board_ea_devkit_4088/Debug/liblpc_board_ea_devkit_4088.a(board.o)
                0x00000000000032b0                Board_SSP_Init
 .text.Board_Init
                0x0000000000003340       0x24 /Users/dali/Documents/LPCXpresso_8.2.2/workspace/lpc_board_ea_devkit_4088/Debug/liblpc_board_ea_devkit_4088.a(board.o)
                0x0000000000003340                Board_Init
 .text.Board_I2C_Init
                0x0000000000003364       0x7c /Users/dali/Documents/LPCXpresso_8.2.2/workspace/lpc_board_ea_devkit_4088/Debug/liblpc_board_ea_devkit_4088.a(board.o)
                0x0000000000003364                Board_I2C_Init
 .text.Chip_SYSCTL_EnableBoost
                0x00000000000033e0       0x1c /Users/dali/Documents/LPCXpresso_8.2.2/workspace/lpc_board_ea_devkit_4088/Debug/liblpc_board_ea_devkit_4088.a(board_sysinit.o)
 .text.Chip_Clock_SetEMCClockDiv
                0x00000000000033fc       0x24 /Users/dali/Documents/LPCXpresso_8.2.2/workspace/lpc_board_ea_devkit_4088/Debug/liblpc_board_ea_devkit_4088.a(board_sysinit.o)
 .text.Chip_IOCON_PinMuxSet
                0x0000000000003420       0x30 /Users/dali/Documents/LPCXpresso_8.2.2/workspace/lpc_board_ea_devkit_4088/Debug/liblpc_board_ea_devkit_4088.a(board_sysinit.o)
 .text.Board_SetupMuxing
                0x0000000000003450       0x84 /Users/dali/Documents/LPCXpresso_8.2.2/workspace/lpc_board_ea_devkit_4088/Debug/liblpc_board_ea_devkit_4088.a(board_sysinit.o)
                0x0000000000003450                Board_SetupMuxing
 .text.Board_SetupClocking
                0x00000000000034d4       0x1c /Users/dali/Documents/LPCXpresso_8.2.2/workspace/lpc_board_ea_devkit_4088/Debug/liblpc_board_ea_devkit_4088.a(board_sysinit.o)
                0x00000000000034d4                Board_SetupClocking
 .text.Board_SetupExtMemory
                0x00000000000034f0       0x5c /Users/dali/Documents/LPCXpresso_8.2.2/workspace/lpc_board_ea_devkit_4088/Debug/liblpc_board_ea_devkit_4088.a(board_sysinit.o)
                0x00000000000034f0                Board_SetupExtMemory
 .text.Board_SystemInit
                0x000000000000354c       0x14 /Users/dali/Documents/LPCXpresso_8.2.2/workspace/lpc_board_ea_devkit_4088/Debug/liblpc_board_ea_devkit_4088.a(board_sysinit.o)
                0x000000000000354c                Board_SystemInit
 .text.SystemCoreClockUpdate
                0x0000000000003560       0x18 /Users/dali/Documents/LPCXpresso_8.2.2/workspace/lpc_chip_40xx/Debug/liblpc_chip_40xx.a(chip_17xx_40xx.o)
                0x0000000000003560                SystemCoreClockUpdate
 .text.Chip_Clock_IsMainPLLEnabled
                0x0000000000003578       0x28 /Users/dali/Documents/LPCXpresso_8.2.2/workspace/lpc_chip_40xx/Debug/liblpc_chip_40xx.a(clock_17xx_40xx.o)
 .text.Chip_Clock_FeedPLL
                0x00000000000035a0       0x38 /Users/dali/Documents/LPCXpresso_8.2.2/workspace/lpc_chip_40xx/Debug/liblpc_chip_40xx.a(clock_17xx_40xx.o)
 .text.Chip_Clock_GetMainPLLSource
                0x00000000000035d8       0x20 /Users/dali/Documents/LPCXpresso_8.2.2/workspace/lpc_chip_40xx/Debug/liblpc_chip_40xx.a(clock_17xx_40xx.o)
 .text.Chip_Clock_GetPCLKDiv
                0x00000000000035f8       0x1c /Users/dali/Documents/LPCXpresso_8.2.2/workspace/lpc_chip_40xx/Debug/liblpc_chip_40xx.a(clock_17xx_40xx.o)
 .text.Chip_Clock_GetMainOscRate
                0x0000000000003614       0x18 /Users/dali/Documents/LPCXpresso_8.2.2/workspace/lpc_chip_40xx/Debug/liblpc_chip_40xx.a(clock_17xx_40xx.o)
 .text.Chip_Clock_GetIntOscRate
                0x000000000000362c       0x14 /Users/dali/Documents/LPCXpresso_8.2.2/workspace/lpc_chip_40xx/Debug/liblpc_chip_40xx.a(clock_17xx_40xx.o)
 .text.Chip_Clock_GetMainPLLInClockRate
                0x0000000000003640       0x10 /Users/dali/Documents/LPCXpresso_8.2.2/workspace/lpc_chip_40xx/Debug/liblpc_chip_40xx.a(clock_17xx_40xx.o)
 .text.Chip_Clock_EnablePLL
                0x0000000000003650       0x44 /Users/dali/Documents/LPCXpresso_8.2.2/workspace/lpc_chip_40xx/Debug/liblpc_chip_40xx.a(clock_17xx_40xx.o)
                0x0000000000003650                Chip_Clock_EnablePLL
 .text.Chip_Clock_DisablePLL
                0x0000000000003694       0x48 /Users/dali/Documents/LPCXpresso_8.2.2/workspace/lpc_chip_40xx/Debug/liblpc_chip_40xx.a(clock_17xx_40xx.o)
                0x0000000000003694                Chip_Clock_DisablePLL
 .text.Chip_Clock_SetupPLL
                0x00000000000036dc       0x4c /Users/dali/Documents/LPCXpresso_8.2.2/workspace/lpc_chip_40xx/Debug/liblpc_chip_40xx.a(clock_17xx_40xx.o)
                0x00000000000036dc                Chip_Clock_SetupPLL
 .text.Chip_Clock_EnablePeriphClock
                0x0000000000003728       0x54 /Users/dali/Documents/LPCXpresso_8.2.2/workspace/lpc_chip_40xx/Debug/liblpc_chip_40xx.a(clock_17xx_40xx.o)
                0x0000000000003728                Chip_Clock_EnablePeriphClock
 .text.Chip_Clock_SetCPUClockSource
                0x000000000000377c       0x44 /Users/dali/Documents/LPCXpresso_8.2.2/workspace/lpc_chip_40xx/Debug/liblpc_chip_40xx.a(clock_17xx_40xx.o)
                0x000000000000377c                Chip_Clock_SetCPUClockSource
 .text.Chip_Clock_GetCPUClockSource
                0x00000000000037c0       0x30 /Users/dali/Documents/LPCXpresso_8.2.2/workspace/lpc_chip_40xx/Debug/liblpc_chip_40xx.a(clock_17xx_40xx.o)
                0x00000000000037c0                Chip_Clock_GetCPUClockSource
 .text.Chip_Clock_SetCPUClockDiv
                0x00000000000037f0       0x30 /Users/dali/Documents/LPCXpresso_8.2.2/workspace/lpc_chip_40xx/Debug/liblpc_chip_40xx.a(clock_17xx_40xx.o)
                0x00000000000037f0                Chip_Clock_SetCPUClockDiv
 .text.Chip_Clock_GetCPUClockDiv
                0x0000000000003820       0x1c /Users/dali/Documents/LPCXpresso_8.2.2/workspace/lpc_chip_40xx/Debug/liblpc_chip_40xx.a(clock_17xx_40xx.o)
                0x0000000000003820                Chip_Clock_GetCPUClockDiv
 .text.Chip_Clock_GetSYSCLKRate
                0x000000000000383c       0x2c /Users/dali/Documents/LPCXpresso_8.2.2/workspace/lpc_chip_40xx/Debug/liblpc_chip_40xx.a(clock_17xx_40xx.o)
                0x000000000000383c                Chip_Clock_GetSYSCLKRate
 .text.Chip_Clock_GetMainPLLOutClockRate
                0x0000000000003868       0x40 /Users/dali/Documents/LPCXpresso_8.2.2/workspace/lpc_chip_40xx/Debug/liblpc_chip_40xx.a(clock_17xx_40xx.o)
                0x0000000000003868                Chip_Clock_GetMainPLLOutClockRate
 .text.Chip_Clock_GetMainClockRate
                0x00000000000038a8       0x28 /Users/dali/Documents/LPCXpresso_8.2.2/workspace/lpc_chip_40xx/Debug/liblpc_chip_40xx.a(clock_17xx_40xx.o)
                0x00000000000038a8                Chip_Clock_GetMainClockRate
 .text.Chip_Clock_GetSystemClockRate
                0x00000000000038d0       0x18 /Users/dali/Documents/LPCXpresso_8.2.2/workspace/lpc_chip_40xx/Debug/liblpc_chip_40xx.a(clock_17xx_40xx.o)
                0x00000000000038d0                Chip_Clock_GetSystemClockRate
 .text.Chip_Clock_SetSPIFIClockSource
                0x00000000000038e8       0x34 /Users/dali/Documents/LPCXpresso_8.2.2/workspace/lpc_chip_40xx/Debug/liblpc_chip_40xx.a(clock_17xx_40xx.o)
                0x00000000000038e8                Chip_Clock_SetSPIFIClockSource
 .text.Chip_Clock_SetSPIFIClockDiv
                0x000000000000391c       0x30 /Users/dali/Documents/LPCXpresso_8.2.2/workspace/lpc_chip_40xx/Debug/liblpc_chip_40xx.a(clock_17xx_40xx.o)
                0x000000000000391c                Chip_Clock_SetSPIFIClockDiv
 .text.Chip_Clock_GetPeripheralClockRate
                0x000000000000394c       0x30 /Users/dali/Documents/LPCXpresso_8.2.2/workspace/lpc_chip_40xx/Debug/liblpc_chip_40xx.a(clock_17xx_40xx.o)
                0x000000000000394c                Chip_Clock_GetPeripheralClockRate
 .text.Chip_Clock_GetEMCClockDiv
                0x000000000000397c       0x1c /Users/dali/Documents/LPCXpresso_8.2.2/workspace/lpc_chip_40xx/Debug/liblpc_chip_40xx.a(emc_17xx_40xx.o)
 .text.Chip_Clock_GetEMCClockRate
                0x0000000000003998       0x18 /Users/dali/Documents/LPCXpresso_8.2.2/workspace/lpc_chip_40xx/Debug/liblpc_chip_40xx.a(emc_17xx_40xx.o)
 .text.convertTimmingParam
                0x00000000000039b0       0x6c /Users/dali/Documents/LPCXpresso_8.2.2/workspace/lpc_chip_40xx/Debug/liblpc_chip_40xx.a(emc_17xx_40xx.o)
 .text.getColsLen
                0x0000000000003a1c       0x50 /Users/dali/Documents/LPCXpresso_8.2.2/workspace/lpc_chip_40xx/Debug/liblpc_chip_40xx.a(emc_17xx_40xx.o)
 .text.initDynMem
                0x0000000000003a6c      0x294 /Users/dali/Documents/LPCXpresso_8.2.2/workspace/lpc_chip_40xx/Debug/liblpc_chip_40xx.a(emc_17xx_40xx.o)
                0x0000000000003a6c                initDynMem
 .text.initStaticMem
                0x0000000000003d00       0xb0 /Users/dali/Documents/LPCXpresso_8.2.2/workspace/lpc_chip_40xx/Debug/liblpc_chip_40xx.a(emc_17xx_40xx.o)
                0x0000000000003d00                initStaticMem
 .text.Chip_EMC_Dynamic_Init
                0x0000000000003db0       0x24 /Users/dali/Documents/LPCXpresso_8.2.2/workspace/lpc_chip_40xx/Debug/liblpc_chip_40xx.a(emc_17xx_40xx.o)
                0x0000000000003db0                Chip_EMC_Dynamic_Init
 .text.Chip_EMC_Static_Init
                0x0000000000003dd4       0x24 /Users/dali/Documents/LPCXpresso_8.2.2/workspace/lpc_chip_40xx/Debug/liblpc_chip_40xx.a(emc_17xx_40xx.o)
                0x0000000000003dd4                Chip_EMC_Static_Init
 .text.Chip_EMC_Init
                0x0000000000003df8       0x50 /Users/dali/Documents/LPCXpresso_8.2.2/workspace/lpc_chip_40xx/Debug/liblpc_chip_40xx.a(emc_17xx_40xx.o)
                0x0000000000003df8                Chip_EMC_Init
 .text.fpuInit  0x0000000000003e48       0x74 /Users/dali/Documents/LPCXpresso_8.2.2/workspace/lpc_chip_40xx/Debug/liblpc_chip_40xx.a(fpu_init.o)
                0x0000000000003e48                fpuInit
 .text.enableClk
                0x0000000000003ebc       0x30 /Users/dali/Documents/LPCXpresso_8.2.2/workspace/lpc_chip_40xx/Debug/liblpc_chip_40xx.a(i2c_17xx_40xx.o)
 .text.getClkRate
                0x0000000000003eec       0x18 /Users/dali/Documents/LPCXpresso_8.2.2/workspace/lpc_chip_40xx/Debug/liblpc_chip_40xx.a(i2c_17xx_40xx.o)
 .text.startMasterXfer
                0x0000000000003f04       0x20 /Users/dali/Documents/LPCXpresso_8.2.2/workspace/lpc_chip_40xx/Debug/liblpc_chip_40xx.a(i2c_17xx_40xx.o)
 .text.startSlaverXfer
                0x0000000000003f24       0x20 /Users/dali/Documents/LPCXpresso_8.2.2/workspace/lpc_chip_40xx/Debug/liblpc_chip_40xx.a(i2c_17xx_40xx.o)
 .text.isI2CBusFree
                0x0000000000003f44       0x28 /Users/dali/Documents/LPCXpresso_8.2.2/workspace/lpc_chip_40xx/Debug/liblpc_chip_40xx.a(i2c_17xx_40xx.o)
 .text.getCurState
                0x0000000000003f6c       0x1c /Users/dali/Documents/LPCXpresso_8.2.2/workspace/lpc_chip_40xx/Debug/liblpc_chip_40xx.a(i2c_17xx_40xx.o)
 .text.isMasterState
                0x0000000000003f88       0x24 /Users/dali/Documents/LPCXpresso_8.2.2/workspace/lpc_chip_40xx/Debug/liblpc_chip_40xx.a(i2c_17xx_40xx.o)
 .text.isSlaveAddrMatching
                0x0000000000003fac       0x40 /Users/dali/Documents/LPCXpresso_8.2.2/workspace/lpc_chip_40xx/Debug/liblpc_chip_40xx.a(i2c_17xx_40xx.o)
 .text.lookupSlaveIndex
                0x0000000000003fec       0x9c /Users/dali/Documents/LPCXpresso_8.2.2/workspace/lpc_chip_40xx/Debug/liblpc_chip_40xx.a(i2c_17xx_40xx.o)
 .text.handleMasterXferState
                0x0000000000004088      0x284 /Users/dali/Documents/LPCXpresso_8.2.2/workspace/lpc_chip_40xx/Debug/liblpc_chip_40xx.a(i2c_17xx_40xx.o)
                0x0000000000004088                handleMasterXferState
 .text.getSlaveIndex
                0x000000000000430c       0x4c /Users/dali/Documents/LPCXpresso_8.2.2/workspace/lpc_chip_40xx/Debug/liblpc_chip_40xx.a(i2c_17xx_40xx.o)
                0x000000000000430c                getSlaveIndex
 .text.handleSlaveXferState
                0x0000000000004358      0x2b8 /Users/dali/Documents/LPCXpresso_8.2.2/workspace/lpc_chip_40xx/Debug/liblpc_chip_40xx.a(i2c_17xx_40xx.o)
                0x0000000000004358                handleSlaveXferState
 .text.Chip_I2C_EventHandler
                0x0000000000004610       0x4c /Users/dali/Documents/LPCXpresso_8.2.2/workspace/lpc_chip_40xx/Debug/liblpc_chip_40xx.a(i2c_17xx_40xx.o)
                0x0000000000004610                Chip_I2C_EventHandler
 .text.Chip_I2C_EventHandlerPolling
                0x000000000000465c       0x60 /Users/dali/Documents/LPCXpresso_8.2.2/workspace/lpc_chip_40xx/Debug/liblpc_chip_40xx.a(i2c_17xx_40xx.o)
                0x000000000000465c                Chip_I2C_EventHandlerPolling
 .text.Chip_I2C_Init
                0x00000000000046bc       0x34 /Users/dali/Documents/LPCXpresso_8.2.2/workspace/lpc_chip_40xx/Debug/liblpc_chip_40xx.a(i2c_17xx_40xx.o)
                0x00000000000046bc                Chip_I2C_Init
 .text.Chip_I2C_SetClockRate
                0x00000000000046f0       0x68 /Users/dali/Documents/LPCXpresso_8.2.2/workspace/lpc_chip_40xx/Debug/liblpc_chip_40xx.a(i2c_17xx_40xx.o)
                0x00000000000046f0                Chip_I2C_SetClockRate
 .text.Chip_I2C_SetMasterEventHandler
                0x0000000000004758       0x4c /Users/dali/Documents/LPCXpresso_8.2.2/workspace/lpc_chip_40xx/Debug/liblpc_chip_40xx.a(i2c_17xx_40xx.o)
                0x0000000000004758                Chip_I2C_SetMasterEventHandler
 .text.Chip_I2C_MasterTransfer
                0x00000000000047a4       0x9c /Users/dali/Documents/LPCXpresso_8.2.2/workspace/lpc_chip_40xx/Debug/liblpc_chip_40xx.a(i2c_17xx_40xx.o)
                0x00000000000047a4                Chip_I2C_MasterTransfer
 .text.Chip_I2C_MasterSend
                0x0000000000004840       0x58 /Users/dali/Documents/LPCXpresso_8.2.2/workspace/lpc_chip_40xx/Debug/liblpc_chip_40xx.a(i2c_17xx_40xx.o)
                0x0000000000004840                Chip_I2C_MasterSend
 .text.Chip_I2C_MasterCmdRead
                0x0000000000004898       0x60 /Users/dali/Documents/LPCXpresso_8.2.2/workspace/lpc_chip_40xx/Debug/liblpc_chip_40xx.a(i2c_17xx_40xx.o)
                0x0000000000004898                Chip_I2C_MasterCmdRead
 .text.Chip_I2C_IsMasterActive
                0x00000000000048f8       0x30 /Users/dali/Documents/LPCXpresso_8.2.2/workspace/lpc_chip_40xx/Debug/liblpc_chip_40xx.a(i2c_17xx_40xx.o)
                0x00000000000048f8                Chip_I2C_IsMasterActive
 .text.Chip_I2C_MasterStateHandler
                0x0000000000004928       0x60 /Users/dali/Documents/LPCXpresso_8.2.2/workspace/lpc_chip_40xx/Debug/liblpc_chip_40xx.a(i2c_17xx_40xx.o)
                0x0000000000004928                Chip_I2C_MasterStateHandler
 .text.Chip_I2C_SlaveStateHandler
                0x0000000000004988       0xc0 /Users/dali/Documents/LPCXpresso_8.2.2/workspace/lpc_chip_40xx/Debug/liblpc_chip_40xx.a(i2c_17xx_40xx.o)
                0x0000000000004988                Chip_I2C_SlaveStateHandler
 .text.Chip_I2C_IsStateChanged
                0x0000000000004a48       0x3c /Users/dali/Documents/LPCXpresso_8.2.2/workspace/lpc_chip_40xx/Debug/liblpc_chip_40xx.a(i2c_17xx_40xx.o)
                0x0000000000004a48                Chip_I2C_IsStateChanged
 .text.Chip_IOCON_PinMuxSet
                0x0000000000004a84       0x30 /Users/dali/Documents/LPCXpresso_8.2.2/workspace/lpc_chip_40xx/Debug/liblpc_chip_40xx.a(iocon_17xx_40xx.o)
 .text.Chip_IOCON_SetPinMuxing
                0x0000000000004ab4       0x64 /Users/dali/Documents/LPCXpresso_8.2.2/workspace/lpc_chip_40xx/Debug/liblpc_chip_40xx.a(iocon_17xx_40xx.o)
                0x0000000000004ab4                Chip_IOCON_SetPinMuxing
 .text.RingBuffer_GetCount
                0x0000000000004b18       0x24 /Users/dali/Documents/LPCXpresso_8.2.2/workspace/lpc_chip_40xx/Debug/liblpc_chip_40xx.a(ring_buffer.o)
 .text.RingBuffer_GetFree
                0x0000000000004b3c       0x20 /Users/dali/Documents/LPCXpresso_8.2.2/workspace/lpc_chip_40xx/Debug/liblpc_chip_40xx.a(ring_buffer.o)
 .text.RingBuffer_IsFull
                0x0000000000004b5c       0x28 /Users/dali/Documents/LPCXpresso_8.2.2/workspace/lpc_chip_40xx/Debug/liblpc_chip_40xx.a(ring_buffer.o)
 .text.RingBuffer_IsEmpty
                0x0000000000004b84       0x2c /Users/dali/Documents/LPCXpresso_8.2.2/workspace/lpc_chip_40xx/Debug/liblpc_chip_40xx.a(ring_buffer.o)
 .text.RingBuffer_Init
                0x0000000000004bb0       0x3c /Users/dali/Documents/LPCXpresso_8.2.2/workspace/lpc_chip_40xx/Debug/liblpc_chip_40xx.a(ring_buffer.o)
                0x0000000000004bb0                RingBuffer_Init
 .text.RingBuffer_Insert
                0x0000000000004bec       0x5c /Users/dali/Documents/LPCXpresso_8.2.2/workspace/lpc_chip_40xx/Debug/liblpc_chip_40xx.a(ring_buffer.o)
                0x0000000000004bec                RingBuffer_Insert
 .text.RingBuffer_InsertMult
                0x0000000000004c48      0x124 /Users/dali/Documents/LPCXpresso_8.2.2/workspace/lpc_chip_40xx/Debug/liblpc_chip_40xx.a(ring_buffer.o)
                0x0000000000004c48                RingBuffer_InsertMult
 .text.RingBuffer_Pop
                0x0000000000004d6c       0x5c /Users/dali/Documents/LPCXpresso_8.2.2/workspace/lpc_chip_40xx/Debug/liblpc_chip_40xx.a(ring_buffer.o)
                0x0000000000004d6c                RingBuffer_Pop
 .text.Chip_SSP_GetStatus
                0x0000000000004dc8       0x2c /Users/dali/Documents/LPCXpresso_8.2.2/workspace/lpc_chip_40xx/Debug/liblpc_chip_40xx.a(ssp_17xx_40xx.o)
 .text.Chip_SSP_GetRawIntStatus
                0x0000000000004df4       0x2c /Users/dali/Documents/LPCXpresso_8.2.2/workspace/lpc_chip_40xx/Debug/liblpc_chip_40xx.a(ssp_17xx_40xx.o)
 .text.Chip_SSP_GetDataSize
                0x0000000000004e20       0x20 /Users/dali/Documents/LPCXpresso_8.2.2/workspace/lpc_chip_40xx/Debug/liblpc_chip_40xx.a(ssp_17xx_40xx.o)
 .text.Chip_SSP_ClearIntPending
                0x0000000000004e40       0x20 /Users/dali/Documents/LPCXpresso_8.2.2/workspace/lpc_chip_40xx/Debug/liblpc_chip_40xx.a(ssp_17xx_40xx.o)
 .text.Chip_SSP_ReceiveFrame
                0x0000000000004e60       0x1c /Users/dali/Documents/LPCXpresso_8.2.2/workspace/lpc_chip_40xx/Debug/liblpc_chip_40xx.a(ssp_17xx_40xx.o)
 .text.Chip_SSP_SendFrame
                0x0000000000004e7c       0x20 /Users/dali/Documents/LPCXpresso_8.2.2/workspace/lpc_chip_40xx/Debug/liblpc_chip_40xx.a(ssp_17xx_40xx.o)
 .text.Chip_SSP_SetFormat
                0x0000000000004e9c       0x34 /Users/dali/Documents/LPCXpresso_8.2.2/workspace/lpc_chip_40xx/Debug/liblpc_chip_40xx.a(ssp_17xx_40xx.o)
 .text.Chip_SSP_Set_Mode
                0x0000000000004ed0       0x28 /Users/dali/Documents/LPCXpresso_8.2.2/workspace/lpc_chip_40xx/Debug/liblpc_chip_40xx.a(ssp_17xx_40xx.o)
 .text.SSP_Write2BFifo
                0x0000000000004ef8       0x48 /Users/dali/Documents/LPCXpresso_8.2.2/workspace/lpc_chip_40xx/Debug/liblpc_chip_40xx.a(ssp_17xx_40xx.o)
 .text.SSP_Write1BFifo
                0x0000000000004f40       0x48 /Users/dali/Documents/LPCXpresso_8.2.2/workspace/lpc_chip_40xx/Debug/liblpc_chip_40xx.a(ssp_17xx_40xx.o)
 .text.SSP_Read2BFifo
                0x0000000000004f88       0x5c /Users/dali/Documents/LPCXpresso_8.2.2/workspace/lpc_chip_40xx/Debug/liblpc_chip_40xx.a(ssp_17xx_40xx.o)
 .text.SSP_Read1BFifo
                0x0000000000004fe4       0x5c /Users/dali/Documents/LPCXpresso_8.2.2/workspace/lpc_chip_40xx/Debug/liblpc_chip_40xx.a(ssp_17xx_40xx.o)
 .text.Chip_SSP_GetClockIndex
                0x0000000000005040       0x40 /Users/dali/Documents/LPCXpresso_8.2.2/workspace/lpc_chip_40xx/Debug/liblpc_chip_40xx.a(ssp_17xx_40xx.o)
 .text.Chip_SSP_SetClockRate
                0x0000000000005080       0x38 /Users/dali/Documents/LPCXpresso_8.2.2/workspace/lpc_chip_40xx/Debug/liblpc_chip_40xx.a(ssp_17xx_40xx.o)
                0x0000000000005080                Chip_SSP_SetClockRate
 .text.Chip_SSP_RWFrames_Blocking
                0x00000000000050b8      0x108 /Users/dali/Documents/LPCXpresso_8.2.2/workspace/lpc_chip_40xx/Debug/liblpc_chip_40xx.a(ssp_17xx_40xx.o)
                0x00000000000050b8                Chip_SSP_RWFrames_Blocking
 .text.Chip_SSP_SetMaster
                0x00000000000051c0       0x2c /Users/dali/Documents/LPCXpresso_8.2.2/workspace/lpc_chip_40xx/Debug/liblpc_chip_40xx.a(ssp_17xx_40xx.o)
                0x00000000000051c0                Chip_SSP_SetMaster
 .text.Chip_SSP_SetBitRate
                0x00000000000051ec       0x6c /Users/dali/Documents/LPCXpresso_8.2.2/workspace/lpc_chip_40xx/Debug/liblpc_chip_40xx.a(ssp_17xx_40xx.o)
                0x00000000000051ec                Chip_SSP_SetBitRate
 .text.Chip_SSP_Init
                0x0000000000005258       0x40 /Users/dali/Documents/LPCXpresso_8.2.2/workspace/lpc_chip_40xx/Debug/liblpc_chip_40xx.a(ssp_17xx_40xx.o)
                0x0000000000005258                Chip_SSP_Init
 .text.Chip_SYSCTL_PeriphReset
                0x0000000000005298       0x68 /Users/dali/Documents/LPCXpresso_8.2.2/workspace/lpc_chip_40xx/Debug/liblpc_chip_40xx.a(sysctl_17xx_40xx.o)
                0x0000000000005298                Chip_SYSCTL_PeriphReset
 .text.Chip_Clock_IsMainPLLEnabled
                0x0000000000005300       0x28 /Users/dali/Documents/LPCXpresso_8.2.2/workspace/lpc_chip_40xx/Debug/liblpc_chip_40xx.a(sysinit_17xx_40xx.o)
 .text.Chip_Clock_IsMainPLLLocked
                0x0000000000005328       0x28 /Users/dali/Documents/LPCXpresso_8.2.2/workspace/lpc_chip_40xx/Debug/liblpc_chip_40xx.a(sysinit_17xx_40xx.o)
 .text.Chip_Clock_EnableCrystal
                0x0000000000005350       0x24 /Users/dali/Documents/LPCXpresso_8.2.2/workspace/lpc_chip_40xx/Debug/liblpc_chip_40xx.a(sysinit_17xx_40xx.o)
 .text.Chip_Clock_IsCrystalEnabled
                0x0000000000005374       0x28 /Users/dali/Documents/LPCXpresso_8.2.2/workspace/lpc_chip_40xx/Debug/liblpc_chip_40xx.a(sysinit_17xx_40xx.o)
 .text.Chip_Clock_SetMainPLLSource
                0x000000000000539c       0x24 /Users/dali/Documents/LPCXpresso_8.2.2/workspace/lpc_chip_40xx/Debug/liblpc_chip_40xx.a(sysinit_17xx_40xx.o)
 .text.Chip_Clock_SetPCLKDiv
                0x00000000000053c0       0x20 /Users/dali/Documents/LPCXpresso_8.2.2/workspace/lpc_chip_40xx/Debug/liblpc_chip_40xx.a(sysinit_17xx_40xx.o)
 .text.Chip_SetupXtalClocking
                0x00000000000053e0       0x84 /Users/dali/Documents/LPCXpresso_8.2.2/workspace/lpc_chip_40xx/Debug/liblpc_chip_40xx.a(sysinit_17xx_40xx.o)
                0x00000000000053e0                Chip_SetupXtalClocking
 .text.Chip_Timer_GetClockIndex
                0x0000000000005464       0x50 /Users/dali/Documents/LPCXpresso_8.2.2/workspace/lpc_chip_40xx/Debug/liblpc_chip_40xx.a(timer_17xx_40xx.o)
 .text.Chip_TIMER_Init
                0x00000000000054b4       0x20 /Users/dali/Documents/LPCXpresso_8.2.2/workspace/lpc_chip_40xx/Debug/liblpc_chip_40xx.a(timer_17xx_40xx.o)
                0x00000000000054b4                Chip_TIMER_Init
 .text.Chip_TIMER_Reset
                0x00000000000054d4       0x3c /Users/dali/Documents/LPCXpresso_8.2.2/workspace/lpc_chip_40xx/Debug/liblpc_chip_40xx.a(timer_17xx_40xx.o)
                0x00000000000054d4                Chip_TIMER_Reset
 .text.RingBuffer_IsEmpty
                0x0000000000005510       0x2c /Users/dali/Documents/LPCXpresso_8.2.2/workspace/lpc_chip_40xx/Debug/liblpc_chip_40xx.a(uart_17xx_40xx.o)
 .text.Chip_UART_SendByte
                0x000000000000553c       0x20 /Users/dali/Documents/LPCXpresso_8.2.2/workspace/lpc_chip_40xx/Debug/liblpc_chip_40xx.a(uart_17xx_40xx.o)
 .text.Chip_UART_ReadByte
                0x000000000000555c       0x1c /Users/dali/Documents/LPCXpresso_8.2.2/workspace/lpc_chip_40xx/Debug/liblpc_chip_40xx.a(uart_17xx_40xx.o)
 .text.Chip_UART_IntEnable
                0x0000000000005578       0x24 /Users/dali/Documents/LPCXpresso_8.2.2/workspace/lpc_chip_40xx/Debug/liblpc_chip_40xx.a(uart_17xx_40xx.o)
 .text.Chip_UART_IntDisable
                0x000000000000559c       0x24 /Users/dali/Documents/LPCXpresso_8.2.2/workspace/lpc_chip_40xx/Debug/liblpc_chip_40xx.a(uart_17xx_40xx.o)
 .text.Chip_UART_ReadIntIDReg
                0x00000000000055c0       0x18 /Users/dali/Documents/LPCXpresso_8.2.2/workspace/lpc_chip_40xx/Debug/liblpc_chip_40xx.a(uart_17xx_40xx.o)
 .text.Chip_UART_SetupFIFOS
                0x00000000000055d8       0x1c /Users/dali/Documents/LPCXpresso_8.2.2/workspace/lpc_chip_40xx/Debug/liblpc_chip_40xx.a(uart_17xx_40xx.o)
 .text.Chip_UART_ConfigData
                0x00000000000055f4       0x1c /Users/dali/Documents/LPCXpresso_8.2.2/workspace/lpc_chip_40xx/Debug/liblpc_chip_40xx.a(uart_17xx_40xx.o)
 .text.Chip_UART_EnableDivisorAccess
                0x0000000000005610       0x20 /Users/dali/Documents/LPCXpresso_8.2.2/workspace/lpc_chip_40xx/Debug/liblpc_chip_40xx.a(uart_17xx_40xx.o)
 .text.Chip_UART_DisableDivisorAccess
                0x0000000000005630       0x20 /Users/dali/Documents/LPCXpresso_8.2.2/workspace/lpc_chip_40xx/Debug/liblpc_chip_40xx.a(uart_17xx_40xx.o)
 .text.Chip_UART_SetDivisorLatches
                0x0000000000005650       0x28 /Users/dali/Documents/LPCXpresso_8.2.2/workspace/lpc_chip_40xx/Debug/liblpc_chip_40xx.a(uart_17xx_40xx.o)
 .text.Chip_UART_ReadLineStatus
                0x0000000000005678       0x18 /Users/dali/Documents/LPCXpresso_8.2.2/workspace/lpc_chip_40xx/Debug/liblpc_chip_40xx.a(uart_17xx_40xx.o)
 .text.Chip_UART_SetAutoBaudReg
                0x0000000000005690       0x24 /Users/dali/Documents/LPCXpresso_8.2.2/workspace/lpc_chip_40xx/Debug/liblpc_chip_40xx.a(uart_17xx_40xx.o)
 .text.Chip_UART_GetClockIndex
                0x00000000000056b4       0x64 /Users/dali/Documents/LPCXpresso_8.2.2/workspace/lpc_chip_40xx/Debug/liblpc_chip_40xx.a(uart_17xx_40xx.o)
 .text.Chip_UART_ABIntHandler
                0x0000000000005718       0x6c /Users/dali/Documents/LPCXpresso_8.2.2/workspace/lpc_chip_40xx/Debug/liblpc_chip_40xx.a(uart_17xx_40xx.o)
 .text.Chip_UART_Init
                0x0000000000005784       0x78 /Users/dali/Documents/LPCXpresso_8.2.2/workspace/lpc_chip_40xx/Debug/liblpc_chip_40xx.a(uart_17xx_40xx.o)
                0x0000000000005784                Chip_UART_Init
 .text.Chip_UART_TXEnable
                0x00000000000057fc       0x30 /Users/dali/Documents/LPCXpresso_8.2.2/workspace/lpc_chip_40xx/Debug/liblpc_chip_40xx.a(uart_17xx_40xx.o)
                0x00000000000057fc                Chip_UART_TXEnable
 .text.Chip_UART_TXDisable
                0x000000000000582c       0x30 /Users/dali/Documents/LPCXpresso_8.2.2/workspace/lpc_chip_40xx/Debug/liblpc_chip_40xx.a(uart_17xx_40xx.o)
                0x000000000000582c                Chip_UART_TXDisable
 .text.Chip_UART_SetBaud
                0x000000000000585c       0x58 /Users/dali/Documents/LPCXpresso_8.2.2/workspace/lpc_chip_40xx/Debug/liblpc_chip_40xx.a(uart_17xx_40xx.o)
                0x000000000000585c                Chip_UART_SetBaud
 .text.Chip_UART_RXIntHandlerRB
                0x00000000000058b4       0x3c /Users/dali/Documents/LPCXpresso_8.2.2/workspace/lpc_chip_40xx/Debug/liblpc_chip_40xx.a(uart_17xx_40xx.o)
                0x00000000000058b4                Chip_UART_RXIntHandlerRB
 .text.Chip_UART_TXIntHandlerRB
                0x00000000000058f0       0x40 /Users/dali/Documents/LPCXpresso_8.2.2/workspace/lpc_chip_40xx/Debug/liblpc_chip_40xx.a(uart_17xx_40xx.o)
                0x00000000000058f0                Chip_UART_TXIntHandlerRB
 .text.Chip_UART_SendRB
                0x0000000000005930       0x60 /Users/dali/Documents/LPCXpresso_8.2.2/workspace/lpc_chip_40xx/Debug/liblpc_chip_40xx.a(uart_17xx_40xx.o)
                0x0000000000005930                Chip_UART_SendRB
 .text.Chip_UART_IRQRBHandler
                0x0000000000005990       0x4c /Users/dali/Documents/LPCXpresso_8.2.2/workspace/lpc_chip_40xx/Debug/liblpc_chip_40xx.a(uart_17xx_40xx.o)
                0x0000000000005990                Chip_UART_IRQRBHandler
 .text.__main   0x00000000000059dc       0x14 /Applications/lpcxpresso_8.2.2_650/lpcxpresso/tools/bin/../lib/gcc/arm-none-eabi/5.4.1/../../../../arm-none-eabi/lib/armv7e-m/softfp/libcr_semihost.a(_cr__main.o)
                0x00000000000059dc                __main
                0x00000000000059dc                __CR_SEMIHOST
 .text.atan2f   0x00000000000059f0       0xd8 /Applications/lpcxpresso_8.2.2_650/lpcxpresso/tools/bin/../lib/gcc/arm-none-eabi/5.4.1/../../../../arm-none-eabi/lib/armv7e-m/softfp/libcr_c.a(atan2f.o)
                0x00000000000059f0                atan2f
 .text.atanf    0x0000000000005ac8       0xf8 /Applications/lpcxpresso_8.2.2_650/lpcxpresso/tools/bin/../lib/gcc/arm-none-eabi/5.4.1/../../../../arm-none-eabi/lib/armv7e-m/softfp/libcr_c.a(atanf.o)
                0x0000000000005ac8                atanf
 .text.cosf     0x0000000000005bc0       0x3c /Applications/lpcxpresso_8.2.2_650/lpcxpresso/tools/bin/../lib/gcc/arm-none-eabi/5.4.1/../../../../arm-none-eabi/lib/armv7e-m/softfp/libcr_c.a(cosf.o)
                0x0000000000005bc0                cosf
 .text.fabsf    0x0000000000005bfc       0x18 /Applications/lpcxpresso_8.2.2_650/lpcxpresso/tools/bin/../lib/gcc/arm-none-eabi/5.4.1/../../../../arm-none-eabi/lib/armv7e-m/softfp/libcr_c.a(fabsf.o)
                0x0000000000005bfc                fabsf
 .text.sinf     0x0000000000005c14       0x2c /Applications/lpcxpresso_8.2.2_650/lpcxpresso/tools/bin/../lib/gcc/arm-none-eabi/5.4.1/../../../../arm-none-eabi/lib/armv7e-m/softfp/libcr_c.a(sinf.o)
                0x0000000000005c14                sinf
 .text.sqrtf    0x0000000000005c40        0xe /Applications/lpcxpresso_8.2.2_650/lpcxpresso/tools/bin/../lib/gcc/arm-none-eabi/5.4.1/../../../../arm-none-eabi/lib/armv7e-m/softfp/libcr_c.a(sqrtf_m4_softfp.o)
                0x0000000000005c40                sqrtf
 .text.memcpy   0x0000000000005c4e        0x4 /Applications/lpcxpresso_8.2.2_650/lpcxpresso/tools/bin/../lib/gcc/arm-none-eabi/5.4.1/../../../../arm-none-eabi/lib/armv7e-m/softfp/libcr_c.a(memcpy.o)
                0x0000000000005c4e                memcpy
 .text.fabs     0x0000000000005c52       0x1e /Applications/lpcxpresso_8.2.2_650/lpcxpresso/tools/bin/../lib/gcc/arm-none-eabi/5.4.1/../../../../arm-none-eabi/lib/armv7e-m/softfp/libcr_c.a(fabs.o)
                0x0000000000005c52                fabs
 .text.fp_round
                0x0000000000005c70       0x4e /Applications/lpcxpresso_8.2.2_650/lpcxpresso/tools/bin/../lib/gcc/arm-none-eabi/5.4.1/../../../../arm-none-eabi/lib/armv7e-m/softfp/libcr_c.a(fpprintf.o)
 .text.pr_dec.constprop.1
                0x0000000000005cbe       0x26 /Applications/lpcxpresso_8.2.2_650/lpcxpresso/tools/bin/../lib/gcc/arm-none-eabi/5.4.1/../../../../arm-none-eabi/lib/armv7e-m/softfp/libcr_c.a(fpprintf.o)
 .text.sprintf  0x0000000000005ce4       0x6c /Applications/lpcxpresso_8.2.2_650/lpcxpresso/tools/bin/../lib/gcc/arm-none-eabi/5.4.1/../../../../arm-none-eabi/lib/armv7e-m/softfp/libcr_c.a(fpprintf.o)
                0x0000000000005ce4                sprintf
 .text.fp_display
                0x0000000000005d50      0x8f8 /Applications/lpcxpresso_8.2.2_650/lpcxpresso/tools/bin/../lib/gcc/arm-none-eabi/5.4.1/../../../../arm-none-eabi/lib/armv7e-m/softfp/libcr_c.a(fpprintf.o)
 .text.snprintf
                0x0000000000006648       0x68 /Applications/lpcxpresso_8.2.2_650/lpcxpresso/tools/bin/../lib/gcc/arm-none-eabi/5.4.1/../../../../arm-none-eabi/lib/armv7e-m/softfp/libcr_c.a(fpprintf.o)
                0x0000000000006648                snprintf
 .text.vsnprintf
                0x00000000000066b0       0x5c /Applications/lpcxpresso_8.2.2_650/lpcxpresso/tools/bin/../lib/gcc/arm-none-eabi/5.4.1/../../../../arm-none-eabi/lib/armv7e-m/softfp/libcr_c.a(fpprintf.o)
                0x00000000000066b0                vsnprintf
 .text.printf   0x000000000000670c       0x54 /Applications/lpcxpresso_8.2.2_650/lpcxpresso/tools/bin/../lib/gcc/arm-none-eabi/5.4.1/../../../../arm-none-eabi/lib/armv7e-m/softfp/libcr_c.a(fpprintf.o)
                0x000000000000670c                printf
 .text._initio  0x0000000000006760       0xa4 /Applications/lpcxpresso_8.2.2_650/lpcxpresso/tools/bin/../lib/gcc/arm-none-eabi/5.4.1/../../../../arm-none-eabi/lib/armv7e-m/softfp/libcr_c.a(initio.o)
                0x0000000000006760                _initio
 .text.__vfprintf
                0x0000000000006804      0xd48 /Applications/lpcxpresso_8.2.2_650/lpcxpresso/tools/bin/../lib/gcc/arm-none-eabi/5.4.1/../../../../arm-none-eabi/lib/armv7e-m/softfp/libcr_c.a(printf.o)
                0x0000000000006804                __vfprintf
 .text.setvbuf  0x000000000000754c       0x40 /Applications/lpcxpresso_8.2.2_650/lpcxpresso/tools/bin/../lib/gcc/arm-none-eabi/5.4.1/../../../../arm-none-eabi/lib/armv7e-m/softfp/libcr_c.a(setvbuf.o)
                0x000000000000754c                setvbuf
 .text.strlen   0x000000000000758c       0x4a /Applications/lpcxpresso_8.2.2_650/lpcxpresso/tools/bin/../lib/gcc/arm-none-eabi/5.4.1/../../../../arm-none-eabi/lib/armv7e-m/softfp/libcr_c.a(strlen.o)
                0x000000000000758c                strlen
 *fill*         0x00000000000075d6        0x2 ff
 .text._sincosf
                0x00000000000075d8      0x130 /Applications/lpcxpresso_8.2.2_650/lpcxpresso/tools/bin/../lib/gcc/arm-none-eabi/5.4.1/../../../../arm-none-eabi/lib/armv7e-m/softfp/libcr_c.a(_sincosf.o)
                0x00000000000075d8                _sincosf
 .text.memset   0x0000000000007708        0x4 /Applications/lpcxpresso_8.2.2_650/lpcxpresso/tools/bin/../lib/gcc/arm-none-eabi/5.4.1/../../../../arm-none-eabi/lib/armv7e-m/softfp/libcr_c.a(memset.o)
                0x0000000000007708                memset
 .text._deferredlazyseek
                0x000000000000770c       0x44 /Applications/lpcxpresso_8.2.2_650/lpcxpresso/tools/bin/../lib/gcc/arm-none-eabi/5.4.1/../../../../arm-none-eabi/lib/armv7e-m/softfp/libcr_c.a(_deferredlazyseek.o)
                0x000000000000770c                _deferredlazyseek
 .text.__flsbuf
                0x0000000000007750      0x140 /Applications/lpcxpresso_8.2.2_650/lpcxpresso/tools/bin/../lib/gcc/arm-none-eabi/5.4.1/../../../../arm-none-eabi/lib/armv7e-m/softfp/libcr_c.a(_deferredlazyseek.o)
                0x0000000000007750                __flsbuf
 .text._fdopen  0x0000000000007890       0x6a /Applications/lpcxpresso_8.2.2_650/lpcxpresso/tools/bin/../lib/gcc/arm-none-eabi/5.4.1/../../../../arm-none-eabi/lib/armv7e-m/softfp/libcr_c.a(_fdopen.o)
                0x0000000000007890                _fdopen
 .text._fflush  0x00000000000078fa       0x58 /Applications/lpcxpresso_8.2.2_650/lpcxpresso/tools/bin/../lib/gcc/arm-none-eabi/5.4.1/../../../../arm-none-eabi/lib/armv7e-m/softfp/libcr_c.a(_fflush.o)
                0x00000000000078fa                _fflush
 .text._frexpl  0x0000000000007952       0x5a /Applications/lpcxpresso_8.2.2_650/lpcxpresso/tools/bin/../lib/gcc/arm-none-eabi/5.4.1/../../../../arm-none-eabi/lib/armv7e-m/softfp/libcr_c.a(_frexpl.o)
                0x0000000000007952                _frexpl
 .text._ldexpl  0x00000000000079ac       0x4c /Applications/lpcxpresso_8.2.2_650/lpcxpresso/tools/bin/../lib/gcc/arm-none-eabi/5.4.1/../../../../arm-none-eabi/lib/armv7e-m/softfp/libcr_c.a(_ldexpl.o)
                0x00000000000079ac                _ldexpl
 .text._Cwritebuf
                0x00000000000079f8       0x68 /Applications/lpcxpresso_8.2.2_650/lpcxpresso/tools/bin/../lib/gcc/arm-none-eabi/5.4.1/../../../../arm-none-eabi/lib/armv7e-m/softfp/libcr_c.a(_writebuf.o)
                0x00000000000079f8                _Cwritebuf
 .text.malloc   0x0000000000007a60       0xc8 /Applications/lpcxpresso_8.2.2_650/lpcxpresso/tools/bin/../lib/gcc/arm-none-eabi/5.4.1/../../../../arm-none-eabi/lib/armv7e-m/softfp/libcr_c.a(alloc.o)
                0x0000000000007a60                malloc
 .text.free     0x0000000000007b28       0x30 /Applications/lpcxpresso_8.2.2_650/lpcxpresso/tools/bin/../lib/gcc/arm-none-eabi/5.4.1/../../../../arm-none-eabi/lib/armv7e-m/softfp/libcr_c.a(alloc.o)
                0x0000000000007b28                free
 .text._Csys_alloc
                0x0000000000007b58       0x20 /Applications/lpcxpresso_8.2.2_650/lpcxpresso/tools/bin/../lib/gcc/arm-none-eabi/5.4.1/../../../../arm-none-eabi/lib/armv7e-m/softfp/libcr_c.a(alloc.o)
                0x0000000000007b58                _Csys_alloc
 .text.fclose   0x0000000000007b78       0x6c /Applications/lpcxpresso_8.2.2_650/lpcxpresso/tools/bin/../lib/gcc/arm-none-eabi/5.4.1/../../../../arm-none-eabi/lib/armv7e-m/softfp/libcr_c.a(fclose.o)
                0x0000000000007b78                fclose
 .text.fflush   0x0000000000007be4       0x30 /Applications/lpcxpresso_8.2.2_650/lpcxpresso/tools/bin/../lib/gcc/arm-none-eabi/5.4.1/../../../../arm-none-eabi/lib/armv7e-m/softfp/libcr_c.a(fflush.o)
                0x0000000000007be4                fflush
 .text.fseek    0x0000000000007c14      0x110 /Applications/lpcxpresso_8.2.2_650/lpcxpresso/tools/bin/../lib/gcc/arm-none-eabi/5.4.1/../../../../arm-none-eabi/lib/armv7e-m/softfp/libcr_c.a(fseek.o)
                0x0000000000007c14                fseek
 .text.ftell    0x0000000000007d24       0x4c /Applications/lpcxpresso_8.2.2_650/lpcxpresso/tools/bin/../lib/gcc/arm-none-eabi/5.4.1/../../../../arm-none-eabi/lib/armv7e-m/softfp/libcr_c.a(ftell.o)
                0x0000000000007d24                ftell
 .text.remove   0x0000000000007d70       0x14 /Applications/lpcxpresso_8.2.2_650/lpcxpresso/tools/bin/../lib/gcc/arm-none-eabi/5.4.1/../../../../arm-none-eabi/lib/armv7e-m/softfp/libcr_c.a(remove.o)
                0x0000000000007d70                remove
 .text._sbrk    0x0000000000007d84       0x40 /Applications/lpcxpresso_8.2.2_650/lpcxpresso/tools/bin/../lib/gcc/arm-none-eabi/5.4.1/../../../../arm-none-eabi/lib/armv7e-m/softfp/libcr_c.a(_cr_sbrk.o)
                0x0000000000007d84                _sbrk
 .text._do_fflush
                0x0000000000007dc4       0x44 /Applications/lpcxpresso_8.2.2_650/lpcxpresso/tools/bin/../lib/gcc/arm-none-eabi/5.4.1/../../../../arm-none-eabi/lib/armv7e-m/softfp/libcr_c.a(_do_fflush.o)
                0x0000000000007dc4                _do_fflush
 .text.__check_heap_overflow
                0x0000000000007e08       0x18 /Applications/lpcxpresso_8.2.2_650/lpcxpresso/tools/bin/../lib/gcc/arm-none-eabi/5.4.1/../../../../arm-none-eabi/lib/armv7e-m/softfp/libcr_c.a(_cr_check_heap.o)
                0x0000000000007e08                __check_heap_overflow
 .text.__aeabi_dmul
                0x0000000000007e20      0x110 /Applications/lpcxpresso_8.2.2_650/lpcxpresso/tools/bin/../lib/gcc/arm-none-eabi/5.4.1/armv7e-m/softfp/libcr_eabihelpers.a(double.o)
                0x0000000000007e20                __aeabi_dmul
 .text.__aeabi_ddiv
                0x0000000000007f30      0x13c /Applications/lpcxpresso_8.2.2_650/lpcxpresso/tools/bin/../lib/gcc/arm-none-eabi/5.4.1/armv7e-m/softfp/libcr_eabihelpers.a(double.o)
                0x0000000000007f30                __aeabi_ddiv
 .text.__aeabi_dsub
                0x000000000000806c      0x1b4 /Applications/lpcxpresso_8.2.2_650/lpcxpresso/tools/bin/../lib/gcc/arm-none-eabi/5.4.1/armv7e-m/softfp/libcr_eabihelpers.a(double.o)
                0x000000000000806c                __aeabi_dsub
 .text.__aeabi_dadd
                0x0000000000008220      0x114 /Applications/lpcxpresso_8.2.2_650/lpcxpresso/tools/bin/../lib/gcc/arm-none-eabi/5.4.1/armv7e-m/softfp/libcr_eabihelpers.a(double.o)
                0x0000000000008220                __aeabi_dadd
 .text.__aeabi_d2f
                0x0000000000008334       0x58 /Applications/lpcxpresso_8.2.2_650/lpcxpresso/tools/bin/../lib/gcc/arm-none-eabi/5.4.1/armv7e-m/softfp/libcr_eabihelpers.a(double.o)
                0x0000000000008334                __aeabi_d2f
 .text.__aeabi_d2iz
                0x000000000000838c       0x40 /Applications/lpcxpresso_8.2.2_650/lpcxpresso/tools/bin/../lib/gcc/arm-none-eabi/5.4.1/armv7e-m/softfp/libcr_eabihelpers.a(double.o)
                0x000000000000838c                __aeabi_d2iz
 .text.__bhs_ui2d
                0x00000000000083cc       0x46 /Applications/lpcxpresso_8.2.2_650/lpcxpresso/tools/bin/../lib/gcc/arm-none-eabi/5.4.1/armv7e-m/softfp/libcr_eabihelpers.a(double.o)
                0x00000000000083cc                __bhs_ui2d
 .text.__aeabi_i2d
                0x0000000000008412       0x10 /Applications/lpcxpresso_8.2.2_650/lpcxpresso/tools/bin/../lib/gcc/arm-none-eabi/5.4.1/armv7e-m/softfp/libcr_eabihelpers.a(double.o)
                0x0000000000008412                __aeabi_i2d
 .text.__aeabi_dcmpeq
                0x0000000000008422       0x30 /Applications/lpcxpresso_8.2.2_650/lpcxpresso/tools/bin/../lib/gcc/arm-none-eabi/5.4.1/armv7e-m/softfp/libcr_eabihelpers.a(double.o)
                0x0000000000008422                __aeabi_dcmpeq
 .text.__aeabi_dcmplt
                0x0000000000008452       0x58 /Applications/lpcxpresso_8.2.2_650/lpcxpresso/tools/bin/../lib/gcc/arm-none-eabi/5.4.1/armv7e-m/softfp/libcr_eabihelpers.a(double.o)
                0x0000000000008452                __aeabi_dcmplt
 .text.__aeabi_dcmple
                0x00000000000084aa       0x54 /Applications/lpcxpresso_8.2.2_650/lpcxpresso/tools/bin/../lib/gcc/arm-none-eabi/5.4.1/armv7e-m/softfp/libcr_eabihelpers.a(double.o)
                0x00000000000084aa                __aeabi_dcmple
 .text.__aeabi_dcmpge
                0x00000000000084fe       0x54 /Applications/lpcxpresso_8.2.2_650/lpcxpresso/tools/bin/../lib/gcc/arm-none-eabi/5.4.1/armv7e-m/softfp/libcr_eabihelpers.a(double.o)
                0x00000000000084fe                __aeabi_dcmpge
 *fill*         0x0000000000008552        0x2 ff
 .text.__aeabi_f2d
                0x0000000000008554       0x38 /Applications/lpcxpresso_8.2.2_650/lpcxpresso/tools/bin/../lib/gcc/arm-none-eabi/5.4.1/armv7e-m/softfp/libcr_eabihelpers.a(float.o)
                0x0000000000008554                __aeabi_f2d
 .text.__aeabi_memcpy
                0x000000000000858c       0x34 /Applications/lpcxpresso_8.2.2_650/lpcxpresso/tools/bin/../lib/gcc/arm-none-eabi/5.4.1/armv7e-m/softfp/libcr_eabihelpers.a(memcpy.o)
                0x000000000000858c                __aeabi_memcpy
                0x0000000000008596                __aeabi_memcpy4
                0x0000000000008596                __aeabi_memcpy8
 .text.__aeabi_memset_lowlevel
                0x00000000000085c0       0x32 /Applications/lpcxpresso_8.2.2_650/lpcxpresso/tools/bin/../lib/gcc/arm-none-eabi/5.4.1/armv7e-m/softfp/libcr_eabihelpers.a(memcpy.o)
                0x00000000000085c0                __aeabi_lowlevel_memset
 *fill*         0x00000000000085f2        0x2 ff
 .text.__sys_appexit
                0x00000000000085f4        0xc /Applications/lpcxpresso_8.2.2_650/lpcxpresso/tools/bin/../lib/gcc/arm-none-eabi/5.4.1/../../../../arm-none-eabi/lib/armv7e-m/softfp/libcr_semihost.a(__sys_appexit.o)
                0x00000000000085f4                __exit
                0x00000000000085f4                __sys_appexit
 .text.__sys_close
                0x0000000000008600        0xc /Applications/lpcxpresso_8.2.2_650/lpcxpresso/tools/bin/../lib/gcc/arm-none-eabi/5.4.1/../../../../arm-none-eabi/lib/armv7e-m/softfp/libcr_semihost.a(__sys_close.o)
                0x0000000000008600                __sys_close
 .text.__sys_flen
                0x000000000000860c        0xc /Applications/lpcxpresso_8.2.2_650/lpcxpresso/tools/bin/../lib/gcc/arm-none-eabi/5.4.1/../../../../arm-none-eabi/lib/armv7e-m/softfp/libcr_semihost.a(__sys_flen.o)
                0x000000000000860c                __sys_flen
 .text.__sys_istty
                0x0000000000008618        0xc /Applications/lpcxpresso_8.2.2_650/lpcxpresso/tools/bin/../lib/gcc/arm-none-eabi/5.4.1/../../../../arm-none-eabi/lib/armv7e-m/softfp/libcr_semihost.a(__sys_istty.o)
                0x0000000000008618                __sys_istty
 .text.__sys_remove
                0x0000000000008624        0xc /Applications/lpcxpresso_8.2.2_650/lpcxpresso/tools/bin/../lib/gcc/arm-none-eabi/5.4.1/../../../../arm-none-eabi/lib/armv7e-m/softfp/libcr_semihost.a(__sys_remove.o)
                0x0000000000008624                __sys_remove
 .text.__sys_seek
                0x0000000000008630        0xc /Applications/lpcxpresso_8.2.2_650/lpcxpresso/tools/bin/../lib/gcc/arm-none-eabi/5.4.1/../../../../arm-none-eabi/lib/armv7e-m/softfp/libcr_semihost.a(__sys_seek.o)
                0x0000000000008630                __sys_seek
 .text.__sys_tmpnam
                0x000000000000863c        0xc /Applications/lpcxpresso_8.2.2_650/lpcxpresso/tools/bin/../lib/gcc/arm-none-eabi/5.4.1/../../../../arm-none-eabi/lib/armv7e-m/softfp/libcr_semihost.a(__sys_tmpnam.o)
                0x000000000000863c                __sys_tmpnam
 .text.__sys_write
                0x0000000000008648        0xc /Applications/lpcxpresso_8.2.2_650/lpcxpresso/tools/bin/../lib/gcc/arm-none-eabi/5.4.1/../../../../arm-none-eabi/lib/armv7e-m/softfp/libcr_semihost.a(__sys_write.o)
                0x0000000000008648                __write
                0x0000000000008648                __sys_write
 *(.rodata .rodata.* .constdata .constdata.*)
 .rodata.inst1  0x0000000000008654       0x2f ./src/FinalProject_MPU.o
                0x0000000000008654                inst1
 *fill*         0x0000000000008683        0x1 ff
 .rodata.inst2  0x0000000000008684       0x2d ./src/FinalProject_MPU.o
                0x0000000000008684                inst2
 *fill*         0x00000000000086b1        0x3 ff
 .rodata        0x00000000000086b4       0x66 ./src/FinalProject_MPU.o
 *fill*         0x000000000000871a        0x2 ff
 .rodata.ledBits
                0x000000000000871c        0x2 /Users/dali/Documents/LPCXpresso_8.2.2/workspace/lpc_board_ea_devkit_4088/Debug/liblpc_board_ea_devkit_4088.a(board.o)
 *fill*         0x000000000000871e        0x2 ff
 .rodata.OscRateIn
                0x0000000000008720        0x4 /Users/dali/Documents/LPCXpresso_8.2.2/workspace/lpc_board_ea_devkit_4088/Debug/liblpc_board_ea_devkit_4088.a(board.o)
                0x0000000000008720                OscRateIn
 .rodata.ledports
                0x0000000000008724        0x2 /Users/dali/Documents/LPCXpresso_8.2.2/workspace/lpc_board_ea_devkit_4088/Debug/liblpc_board_ea_devkit_4088.a(board.o)
 *fill*         0x0000000000008726        0x2 ff
 .rodata.ledpins
                0x0000000000008728        0x2 /Users/dali/Documents/LPCXpresso_8.2.2/workspace/lpc_board_ea_devkit_4088/Debug/liblpc_board_ea_devkit_4088.a(board.o)
 *fill*         0x000000000000872a        0x2 ff
 .rodata.pinmuxing
                0x000000000000872c       0x88 /Users/dali/Documents/LPCXpresso_8.2.2/workspace/lpc_board_ea_devkit_4088/Debug/liblpc_board_ea_devkit_4088.a(board_sysinit.o)
 .rodata.IS42S32800D_config
                0x00000000000087b4       0x74 /Users/dali/Documents/LPCXpresso_8.2.2/workspace/lpc_board_ea_devkit_4088/Debug/liblpc_board_ea_devkit_4088.a(board_sysinit.o)
 .rodata.SST39VF320_config
                0x0000000000008828       0x20 /Users/dali/Documents/LPCXpresso_8.2.2/workspace/lpc_board_ea_devkit_4088/Debug/liblpc_board_ea_devkit_4088.a(board_sysinit.o)
 .rodata.K9F1G_config
                0x0000000000008848       0x20 /Users/dali/Documents/LPCXpresso_8.2.2/workspace/lpc_board_ea_devkit_4088/Debug/liblpc_board_ea_devkit_4088.a(board_sysinit.o)
 .rodata.a.3985
                0x0000000000008868       0x10 /Applications/lpcxpresso_8.2.2_650/lpcxpresso/tools/bin/../lib/gcc/arm-none-eabi/5.4.1/../../../../arm-none-eabi/lib/armv7e-m/softfp/libcr_c.a(atanf.o)
 .rodata.str1.1
                0x0000000000008878       0x34 /Applications/lpcxpresso_8.2.2_650/lpcxpresso/tools/bin/../lib/gcc/arm-none-eabi/5.4.1/../../../../arm-none-eabi/lib/armv7e-m/softfp/libcr_c.a(fpprintf.o)
                                         0x35 (size before relaxing)
 .rodata.str1.1
                0x00000000000088ac        0x4 /Applications/lpcxpresso_8.2.2_650/lpcxpresso/tools/bin/../lib/gcc/arm-none-eabi/5.4.1/../../../../arm-none-eabi/lib/armv7e-m/softfp/libcr_c.a(initio.o)
 .rodata.str1.1
                0x00000000000088b0       0x31 /Applications/lpcxpresso_8.2.2_650/lpcxpresso/tools/bin/../lib/gcc/arm-none-eabi/5.4.1/../../../../arm-none-eabi/lib/armv7e-m/softfp/libcr_c.a(printf.o)
                                         0x38 (size before relaxing)
 .rodata.str1.1
                0x00000000000088e1       0x18 /Applications/lpcxpresso_8.2.2_650/lpcxpresso/tools/bin/../lib/gcc/arm-none-eabi/5.4.1/../../../../arm-none-eabi/lib/armv7e-m/softfp/libcr_c.a(alloc.o)
 *fill*         0x00000000000088f9        0x7 ff
 .rodata.__huge_vall
                0x0000000000008900        0x8 /Applications/lpcxpresso_8.2.2_650/lpcxpresso/tools/bin/../lib/gcc/arm-none-eabi/5.4.1/../../../../arm-none-eabi/lib/armv7e-m/softfp/libcr_c.a(_hugeval.o)
                0x0000000000008900                __huge_vall
                0x0000000000008908                . = ALIGN (0x4)

.glue_7         0x0000000000008908        0x0
 .glue_7        0x0000000000008908        0x0 linker stubs

.glue_7t        0x0000000000008908        0x0
 .glue_7t       0x0000000000008908        0x0 linker stubs

.vfp11_veneer   0x0000000000008908        0x0
 .vfp11_veneer  0x0000000000008908        0x0 linker stubs

.v4_bx          0x0000000000008908        0x0
 .v4_bx         0x0000000000008908        0x0 linker stubs

.iplt           0x0000000000008908        0x0
 .iplt          0x0000000000008908        0x0 ./src/FinalProject_MPU.o

.rel.dyn        0x0000000000008908        0x0
 .rel.iplt      0x0000000000008908        0x0 ./src/FinalProject_MPU.o

.ARM.extab
 *(.ARM.extab* .gnu.linkonce.armextab.*)
                0x0000000000008908                __exidx_start = .

.ARM.exidx
 *(.ARM.exidx* .gnu.linkonce.armexidx.*)
                0x0000000000008908                __exidx_end = .
                0x0000000000008908                _etext = .

.data_RAM2      0x0000000020000000        0x0 load address 0x0000000000008908
 FILL mask 0xff
                [!provide]                        PROVIDE (__start_data_RAM2, .)
 *(.ramfunc.$RAM2)
 *(.ramfunc.$RamPeriph32)
 *(.data.$RAM2*)
 *(.data.$RamPeriph32*)
                0x0000000020000000                . = ALIGN (0x4)
                [!provide]                        PROVIDE (__end_data_RAM2, .)

.uninit_RESERVED
                0x0000000010000000        0x0
 *(.bss.$RESERVED*)
                0x0000000010000000                . = ALIGN (0x4)
                0x0000000010000000                _end_uninit_RESERVED = .

.data           0x0000000010000000       0x64 load address 0x0000000000008908
 FILL mask 0xff
                0x0000000010000000                _data = .
 *(vtable)
 *(.ramfunc*)
 *(.data*)
 .data.color    0x0000000010000000        0x1 ./src/FinalProject_MPU.o
                0x0000000010000000                color
 *fill*         0x0000000010000001        0x3 ff
 .data.r        0x0000000010000004        0x4 ./src/FinalProject_MPU.o
                0x0000000010000004                r
 .data.g        0x0000000010000008        0x4 ./src/FinalProject_MPU.o
                0x0000000010000008                g
 .data.b        0x000000001000000c        0x4 ./src/FinalProject_MPU.o
                0x000000001000000c                b
 .data.i2c      0x0000000010000010       0x54 /Users/dali/Documents/LPCXpresso_8.2.2/workspace/lpc_chip_40xx/Debug/liblpc_chip_40xx.a(i2c_17xx_40xx.o)
                0x0000000010000064                . = ALIGN (0x4)
                0x0000000010000064                _edata = .

.igot.plt       0x0000000010000064        0x0 load address 0x000000000000896c
 .igot.plt      0x0000000010000064        0x0 ./src/FinalProject_MPU.o

.bss_RAM2       0x0000000020000000        0x0
                [!provide]                        PROVIDE (__start_bss_RAM2, .)
 *(.bss.$RAM2*)
 *(.bss.$RamPeriph32*)
                0x0000000020000000                . = ALIGN ((. != 0x0)?0x4:0x1)
                [!provide]                        PROVIDE (__end_bss_RAM2, .)

.bss            0x0000000010000064      0x34c
                0x0000000010000064                _bss = .
 *(.bss*)
 .bss.takeInput
                0x0000000010000064        0x1 ./src/FinalProject_MPU.o
                0x0000000010000064                takeInput
 *fill*         0x0000000010000065        0x3 
 .bss.Tx_Buf    0x0000000010000068       0x80 ./src/FinalProject_MPU.o
 .bss.ssp_format
                0x00000000100000e8        0x3 ./src/FinalProject_MPU.o
 *fill*         0x00000000100000eb        0x1 
 .bss.xf_setup  0x00000000100000ec       0x14 ./src/FinalProject_MPU.o
 .bss.txring    0x0000000010000100       0x14 ./src/FinalProject_MPU.o
 .bss.rxring    0x0000000010000114       0x14 ./src/FinalProject_MPU.o
 .bss.rxbuff    0x0000000010000128       0x20 ./src/FinalProject_MPU.o
 .bss.txbuff    0x0000000010000148       0x80 ./src/FinalProject_MPU.o
 .bss.mode_poll
                0x00000000100001c8        0x4 ./src/FinalProject_MPU.o
 .bss.i2cDev    0x00000000100001cc        0x1 ./src/FinalProject_MPU.o
 .bss.fDebouncing
                0x00000000100001cd        0x1 ./src/FinalProject_MPU.o
                0x00000000100001cd                fDebouncing
 .bss.SamplingFlag
                0x00000000100001ce        0x1 ./src/FinalProject_MPU.o
                0x00000000100001ce                SamplingFlag
 .bss.MotionDone
                0x00000000100001cf        0x1 ./src/FinalProject_MPU.o
                0x00000000100001cf                MotionDone
 .bss.GestureBegin
                0x00000000100001d0        0x1 ./src/FinalProject_MPU.o
                0x00000000100001d0                GestureBegin
 *fill*         0x00000000100001d1        0x1 
 .bss.ax        0x00000000100001d2        0x2 ./src/FinalProject_MPU.o
                0x00000000100001d2                ax
 .bss.ay        0x00000000100001d4        0x2 ./src/FinalProject_MPU.o
                0x00000000100001d4                ay
 .bss.az        0x00000000100001d6        0x2 ./src/FinalProject_MPU.o
                0x00000000100001d6                az
 .bss.gx        0x00000000100001d8        0x2 ./src/FinalProject_MPU.o
                0x00000000100001d8                gx
 .bss.gy        0x00000000100001da        0x2 ./src/FinalProject_MPU.o
                0x00000000100001da                gy
 .bss.gz        0x00000000100001dc        0x2 ./src/FinalProject_MPU.o
                0x00000000100001dc                gz
 .bss.RealTime  0x00000000100001de        0x1 ./src/FinalProject_MPU.o
                0x00000000100001de                RealTime
 *fill*         0x00000000100001df        0x1 
 .bss.i2c_slave
                0x00000000100001e0       0x78 /Users/dali/Documents/LPCXpresso_8.2.2/workspace/lpc_chip_40xx/Debug/liblpc_chip_40xx.a(i2c_17xx_40xx.o)
 .bss.ABsyncSts
                0x0000000010000258        0x1 /Users/dali/Documents/LPCXpresso_8.2.2/workspace/lpc_chip_40xx/Debug/liblpc_chip_40xx.a(uart_17xx_40xx.o)
 *fill*         0x0000000010000259        0x3 
 .bss.errno     0x000000001000025c        0x4 /Applications/lpcxpresso_8.2.2_650/lpcxpresso/tools/bin/../lib/gcc/arm-none-eabi/5.4.1/../../../../arm-none-eabi/lib/armv7e-m/softfp/libcr_c.a(errno.o)
                0x000000001000025c                errno
 .bss._extra    0x0000000010000260        0x4 /Applications/lpcxpresso_8.2.2_650/lpcxpresso/tools/bin/../lib/gcc/arm-none-eabi/5.4.1/../../../../arm-none-eabi/lib/armv7e-m/softfp/libcr_c.a(initio.o)
                0x0000000010000260                _extra
 .bss.__Ciob    0x0000000010000264      0x140 /Applications/lpcxpresso_8.2.2_650/lpcxpresso/tools/bin/../lib/gcc/arm-none-eabi/5.4.1/../../../../arm-none-eabi/lib/armv7e-m/softfp/libcr_c.a(stdio.o)
                0x0000000010000264                __Ciob
 .bss.__heaps   0x00000000100003a4        0x4 /Applications/lpcxpresso_8.2.2_650/lpcxpresso/tools/bin/../lib/gcc/arm-none-eabi/5.4.1/../../../../arm-none-eabi/lib/armv7e-m/softfp/libcr_c.a(__init_alloc.o)
                0x00000000100003a4                __heaps
 .bss.__end_of_heap
                0x00000000100003a8        0x4 /Applications/lpcxpresso_8.2.2_650/lpcxpresso/tools/bin/../lib/gcc/arm-none-eabi/5.4.1/../../../../arm-none-eabi/lib/armv7e-m/softfp/libcr_c.a(__init_alloc.o)
                0x00000000100003a8                __end_of_heap
 *(COMMON)
 COMMON         0x00000000100003ac        0x4 /Users/dali/Documents/LPCXpresso_8.2.2/workspace/lpc_chip_40xx/Debug/liblpc_chip_40xx.a(chip_17xx_40xx.o)
                0x00000000100003ac                SystemCoreClock
                0x00000000100003b0                . = ALIGN (0x4)
                0x00000000100003b0                _ebss = .
                [!provide]                        PROVIDE (end, .)

.noinit_RAM2    0x0000000020000000        0x0
 *(.noinit.$RAM2*)
 *(.noinit.$RamPeriph32*)
                0x0000000020000000                . = ALIGN (0x4)

.noinit         0x00000000100003b0        0x0
                0x00000000100003b0                _noinit = .
 *(.noinit*)
                0x00000000100003b0                . = ALIGN (0x4)
                0x00000000100003b0                _end_noinit = .
                0x00000000100003b0                PROVIDE (_pvHeapStart, DEFINED (__user_heap_base)?__user_heap_base:.)
                0x0000000010010000                PROVIDE (_vStackTop, DEFINED (__user_stack_top)?__user_stack_top:(__top_RamLoc64 - 0x0))
                0xffffffffeffef382                PROVIDE (__valid_user_code_checksum, (0x0 - ((((((_vStackTop + (ResetISR + 0x1)) + (NMI_Handler + 0x1)) + (HardFault_Handler + 0x1)) + (DEFINED (MemManage_Handler)?MemManage_Handler:0x0 + 0x1)) + (DEFINED (BusFault_Handler)?BusFault_Handler:0x0 + 0x1)) + (DEFINED (UsageFault_Handler)?UsageFault_Handler:0x0 + 0x1))))
OUTPUT(FinalProject_MPU.axf elf32-littlearm)

.debug_info     0x0000000000000000     0xacb1
 .debug_info    0x0000000000000000     0x1f8f ./src/FinalProject_MPU.o
 .debug_info    0x0000000000001f8f      0xae6 ./src/FusionAhrs.o
 .debug_info    0x0000000000002a75      0x267 ./src/cr_startup_lpc407x_8x.o
 .debug_info    0x0000000000002cdc       0x3f ./src/crp.o
 .debug_info    0x0000000000002d1b      0x110 ./src/sysinit.o
 .debug_info    0x0000000000002e2b     0x1bd3 /Users/dali/Documents/LPCXpresso_8.2.2/workspace/lpc_board_ea_devkit_4088/Debug/liblpc_board_ea_devkit_4088.a(board.o)
 .debug_info    0x00000000000049fe      0xa1c /Users/dali/Documents/LPCXpresso_8.2.2/workspace/lpc_board_ea_devkit_4088/Debug/liblpc_board_ea_devkit_4088.a(board_sysinit.o)
 .debug_info    0x000000000000541a      0x5fa /Users/dali/Documents/LPCXpresso_8.2.2/workspace/lpc_chip_40xx/Debug/liblpc_chip_40xx.a(chip_17xx_40xx.o)
 .debug_info    0x0000000000005a14      0xb85 /Users/dali/Documents/LPCXpresso_8.2.2/workspace/lpc_chip_40xx/Debug/liblpc_chip_40xx.a(clock_17xx_40xx.o)
 .debug_info    0x0000000000006599      0xc57 /Users/dali/Documents/LPCXpresso_8.2.2/workspace/lpc_chip_40xx/Debug/liblpc_chip_40xx.a(emc_17xx_40xx.o)
 .debug_info    0x00000000000071f0      0x128 /Users/dali/Documents/LPCXpresso_8.2.2/workspace/lpc_chip_40xx/Debug/liblpc_chip_40xx.a(fpu_init.o)
 .debug_info    0x0000000000007318      0xd90 /Users/dali/Documents/LPCXpresso_8.2.2/workspace/lpc_chip_40xx/Debug/liblpc_chip_40xx.a(i2c_17xx_40xx.o)
 .debug_info    0x00000000000080a8      0x1fe /Users/dali/Documents/LPCXpresso_8.2.2/workspace/lpc_chip_40xx/Debug/liblpc_chip_40xx.a(iocon_17xx_40xx.o)
 .debug_info    0x00000000000082a6      0x344 /Users/dali/Documents/LPCXpresso_8.2.2/workspace/lpc_chip_40xx/Debug/liblpc_chip_40xx.a(ring_buffer.o)
 .debug_info    0x00000000000085ea      0xae1 /Users/dali/Documents/LPCXpresso_8.2.2/workspace/lpc_chip_40xx/Debug/liblpc_chip_40xx.a(ssp_17xx_40xx.o)
 .debug_info    0x00000000000090cb      0x512 /Users/dali/Documents/LPCXpresso_8.2.2/workspace/lpc_chip_40xx/Debug/liblpc_chip_40xx.a(sysctl_17xx_40xx.o)
 .debug_info    0x00000000000095dd      0x4ec /Users/dali/Documents/LPCXpresso_8.2.2/workspace/lpc_chip_40xx/Debug/liblpc_chip_40xx.a(sysinit_17xx_40xx.o)
 .debug_info    0x0000000000009ac9      0x3f9 /Users/dali/Documents/LPCXpresso_8.2.2/workspace/lpc_chip_40xx/Debug/liblpc_chip_40xx.a(timer_17xx_40xx.o)
 .debug_info    0x0000000000009ec2      0xdef /Users/dali/Documents/LPCXpresso_8.2.2/workspace/lpc_chip_40xx/Debug/liblpc_chip_40xx.a(uart_17xx_40xx.o)

.debug_abbrev   0x0000000000000000     0x226b
 .debug_abbrev  0x0000000000000000      0x449 ./src/FinalProject_MPU.o
 .debug_abbrev  0x0000000000000449      0x1dd ./src/FusionAhrs.o
 .debug_abbrev  0x0000000000000626      0x12d ./src/cr_startup_lpc407x_8x.o
 .debug_abbrev  0x0000000000000753       0x36 ./src/crp.o
 .debug_abbrev  0x0000000000000789       0xa3 ./src/sysinit.o
 .debug_abbrev  0x000000000000082c      0x338 /Users/dali/Documents/LPCXpresso_8.2.2/workspace/lpc_board_ea_devkit_4088/Debug/liblpc_board_ea_devkit_4088.a(board.o)
 .debug_abbrev  0x0000000000000b64      0x234 /Users/dali/Documents/LPCXpresso_8.2.2/workspace/lpc_board_ea_devkit_4088/Debug/liblpc_board_ea_devkit_4088.a(board_sysinit.o)
 .debug_abbrev  0x0000000000000d98      0x15e /Users/dali/Documents/LPCXpresso_8.2.2/workspace/lpc_chip_40xx/Debug/liblpc_chip_40xx.a(chip_17xx_40xx.o)
 .debug_abbrev  0x0000000000000ef6      0x2b4 /Users/dali/Documents/LPCXpresso_8.2.2/workspace/lpc_chip_40xx/Debug/liblpc_chip_40xx.a(clock_17xx_40xx.o)
 .debug_abbrev  0x00000000000011aa      0x1fb /Users/dali/Documents/LPCXpresso_8.2.2/workspace/lpc_chip_40xx/Debug/liblpc_chip_40xx.a(emc_17xx_40xx.o)
 .debug_abbrev  0x00000000000013a5       0x84 /Users/dali/Documents/LPCXpresso_8.2.2/workspace/lpc_chip_40xx/Debug/liblpc_chip_40xx.a(fpu_init.o)
 .debug_abbrev  0x0000000000001429      0x2ae /Users/dali/Documents/LPCXpresso_8.2.2/workspace/lpc_chip_40xx/Debug/liblpc_chip_40xx.a(i2c_17xx_40xx.o)
 .debug_abbrev  0x00000000000016d7      0x122 /Users/dali/Documents/LPCXpresso_8.2.2/workspace/lpc_chip_40xx/Debug/liblpc_chip_40xx.a(iocon_17xx_40xx.o)
 .debug_abbrev  0x00000000000017f9      0x12d /Users/dali/Documents/LPCXpresso_8.2.2/workspace/lpc_chip_40xx/Debug/liblpc_chip_40xx.a(ring_buffer.o)
 .debug_abbrev  0x0000000000001926      0x249 /Users/dali/Documents/LPCXpresso_8.2.2/workspace/lpc_chip_40xx/Debug/liblpc_chip_40xx.a(ssp_17xx_40xx.o)
 .debug_abbrev  0x0000000000001b6f      0x14b /Users/dali/Documents/LPCXpresso_8.2.2/workspace/lpc_chip_40xx/Debug/liblpc_chip_40xx.a(sysctl_17xx_40xx.o)
 .debug_abbrev  0x0000000000001cba      0x175 /Users/dali/Documents/LPCXpresso_8.2.2/workspace/lpc_chip_40xx/Debug/liblpc_chip_40xx.a(sysinit_17xx_40xx.o)
 .debug_abbrev  0x0000000000001e2f      0x163 /Users/dali/Documents/LPCXpresso_8.2.2/workspace/lpc_chip_40xx/Debug/liblpc_chip_40xx.a(timer_17xx_40xx.o)
 .debug_abbrev  0x0000000000001f92      0x2d9 /Users/dali/Documents/LPCXpresso_8.2.2/workspace/lpc_chip_40xx/Debug/liblpc_chip_40xx.a(uart_17xx_40xx.o)

.debug_aranges  0x0000000000000000      0xb80
 .debug_aranges
                0x0000000000000000      0x1d8 ./src/FinalProject_MPU.o
 .debug_aranges
                0x00000000000001d8       0x48 ./src/FusionAhrs.o
 .debug_aranges
                0x0000000000000220       0x80 ./src/cr_startup_lpc407x_8x.o
 .debug_aranges
                0x00000000000002a0       0x18 ./src/crp.o
 .debug_aranges
                0x00000000000002b8       0x20 ./src/sysinit.o
 .debug_aranges
                0x00000000000002d8      0x1e8 /Users/dali/Documents/LPCXpresso_8.2.2/workspace/lpc_board_ea_devkit_4088/Debug/liblpc_board_ea_devkit_4088.a(board.o)
 .debug_aranges
                0x00000000000004c0       0x50 /Users/dali/Documents/LPCXpresso_8.2.2/workspace/lpc_board_ea_devkit_4088/Debug/liblpc_board_ea_devkit_4088.a(board_sysinit.o)
 .debug_aranges
                0x0000000000000510       0x30 /Users/dali/Documents/LPCXpresso_8.2.2/workspace/lpc_chip_40xx/Debug/liblpc_chip_40xx.a(chip_17xx_40xx.o)
 .debug_aranges
                0x0000000000000540      0x138 /Users/dali/Documents/LPCXpresso_8.2.2/workspace/lpc_chip_40xx/Debug/liblpc_chip_40xx.a(clock_17xx_40xx.o)
 .debug_aranges
                0x0000000000000678       0x80 /Users/dali/Documents/LPCXpresso_8.2.2/workspace/lpc_chip_40xx/Debug/liblpc_chip_40xx.a(emc_17xx_40xx.o)
 .debug_aranges
                0x00000000000006f8       0x20 /Users/dali/Documents/LPCXpresso_8.2.2/workspace/lpc_chip_40xx/Debug/liblpc_chip_40xx.a(fpu_init.o)
 .debug_aranges
                0x0000000000000718      0x118 /Users/dali/Documents/LPCXpresso_8.2.2/workspace/lpc_chip_40xx/Debug/liblpc_chip_40xx.a(i2c_17xx_40xx.o)
 .debug_aranges
                0x0000000000000830       0x28 /Users/dali/Documents/LPCXpresso_8.2.2/workspace/lpc_chip_40xx/Debug/liblpc_chip_40xx.a(iocon_17xx_40xx.o)
 .debug_aranges
                0x0000000000000858       0x60 /Users/dali/Documents/LPCXpresso_8.2.2/workspace/lpc_chip_40xx/Debug/liblpc_chip_40xx.a(ring_buffer.o)
 .debug_aranges
                0x00000000000008b8       0xe0 /Users/dali/Documents/LPCXpresso_8.2.2/workspace/lpc_chip_40xx/Debug/liblpc_chip_40xx.a(ssp_17xx_40xx.o)
 .debug_aranges
                0x0000000000000998       0x28 /Users/dali/Documents/LPCXpresso_8.2.2/workspace/lpc_chip_40xx/Debug/liblpc_chip_40xx.a(sysctl_17xx_40xx.o)
 .debug_aranges
                0x00000000000009c0       0x60 /Users/dali/Documents/LPCXpresso_8.2.2/workspace/lpc_chip_40xx/Debug/liblpc_chip_40xx.a(sysinit_17xx_40xx.o)
 .debug_aranges
                0x0000000000000a20       0x40 /Users/dali/Documents/LPCXpresso_8.2.2/workspace/lpc_chip_40xx/Debug/liblpc_chip_40xx.a(timer_17xx_40xx.o)
 .debug_aranges
                0x0000000000000a60      0x120 /Users/dali/Documents/LPCXpresso_8.2.2/workspace/lpc_chip_40xx/Debug/liblpc_chip_40xx.a(uart_17xx_40xx.o)

.debug_ranges   0x0000000000000000      0xa48
 .debug_ranges  0x0000000000000000      0x1c8 ./src/FinalProject_MPU.o
 .debug_ranges  0x00000000000001c8       0x38 ./src/FusionAhrs.o
 .debug_ranges  0x0000000000000200       0x70 ./src/cr_startup_lpc407x_8x.o
 .debug_ranges  0x0000000000000270       0x10 ./src/sysinit.o
 .debug_ranges  0x0000000000000280      0x1d8 /Users/dali/Documents/LPCXpresso_8.2.2/workspace/lpc_board_ea_devkit_4088/Debug/liblpc_board_ea_devkit_4088.a(board.o)
 .debug_ranges  0x0000000000000458       0x40 /Users/dali/Documents/LPCXpresso_8.2.2/workspace/lpc_board_ea_devkit_4088/Debug/liblpc_board_ea_devkit_4088.a(board_sysinit.o)
 .debug_ranges  0x0000000000000498       0x20 /Users/dali/Documents/LPCXpresso_8.2.2/workspace/lpc_chip_40xx/Debug/liblpc_chip_40xx.a(chip_17xx_40xx.o)
 .debug_ranges  0x00000000000004b8      0x128 /Users/dali/Documents/LPCXpresso_8.2.2/workspace/lpc_chip_40xx/Debug/liblpc_chip_40xx.a(clock_17xx_40xx.o)
 .debug_ranges  0x00000000000005e0       0x70 /Users/dali/Documents/LPCXpresso_8.2.2/workspace/lpc_chip_40xx/Debug/liblpc_chip_40xx.a(emc_17xx_40xx.o)
 .debug_ranges  0x0000000000000650       0x10 /Users/dali/Documents/LPCXpresso_8.2.2/workspace/lpc_chip_40xx/Debug/liblpc_chip_40xx.a(fpu_init.o)
 .debug_ranges  0x0000000000000660      0x108 /Users/dali/Documents/LPCXpresso_8.2.2/workspace/lpc_chip_40xx/Debug/liblpc_chip_40xx.a(i2c_17xx_40xx.o)
 .debug_ranges  0x0000000000000768       0x18 /Users/dali/Documents/LPCXpresso_8.2.2/workspace/lpc_chip_40xx/Debug/liblpc_chip_40xx.a(iocon_17xx_40xx.o)
 .debug_ranges  0x0000000000000780       0x50 /Users/dali/Documents/LPCXpresso_8.2.2/workspace/lpc_chip_40xx/Debug/liblpc_chip_40xx.a(ring_buffer.o)
 .debug_ranges  0x00000000000007d0       0xd0 /Users/dali/Documents/LPCXpresso_8.2.2/workspace/lpc_chip_40xx/Debug/liblpc_chip_40xx.a(ssp_17xx_40xx.o)
 .debug_ranges  0x00000000000008a0       0x18 /Users/dali/Documents/LPCXpresso_8.2.2/workspace/lpc_chip_40xx/Debug/liblpc_chip_40xx.a(sysctl_17xx_40xx.o)
 .debug_ranges  0x00000000000008b8       0x50 /Users/dali/Documents/LPCXpresso_8.2.2/workspace/lpc_chip_40xx/Debug/liblpc_chip_40xx.a(sysinit_17xx_40xx.o)
 .debug_ranges  0x0000000000000908       0x30 /Users/dali/Documents/LPCXpresso_8.2.2/workspace/lpc_chip_40xx/Debug/liblpc_chip_40xx.a(timer_17xx_40xx.o)
 .debug_ranges  0x0000000000000938      0x110 /Users/dali/Documents/LPCXpresso_8.2.2/workspace/lpc_chip_40xx/Debug/liblpc_chip_40xx.a(uart_17xx_40xx.o)

.debug_macro    0x0000000000000000     0x79f4
 .debug_macro   0x0000000000000000      0x382 ./src/FinalProject_MPU.o
 .debug_macro   0x0000000000000382      0x8a4 ./src/FinalProject_MPU.o
 .debug_macro   0x0000000000000c26       0x10 ./src/FinalProject_MPU.o
 .debug_macro   0x0000000000000c36      0x12d ./src/FinalProject_MPU.o
 .debug_macro   0x0000000000000d63       0x28 ./src/FinalProject_MPU.o
 .debug_macro   0x0000000000000d8b       0x9a ./src/FinalProject_MPU.o
 .debug_macro   0x0000000000000e25      0x5b2 ./src/FinalProject_MPU.o
 .debug_macro   0x00000000000013d7       0x22 ./src/FinalProject_MPU.o
 .debug_macro   0x00000000000013f9       0x74 ./src/FinalProject_MPU.o
 .debug_macro   0x000000000000146d       0x16 ./src/FinalProject_MPU.o
 .debug_macro   0x0000000000001483       0x2d ./src/FinalProject_MPU.o
 .debug_macro   0x00000000000014b0       0x3b ./src/FinalProject_MPU.o
 .debug_macro   0x00000000000014eb       0x2d ./src/FinalProject_MPU.o
 .debug_macro   0x0000000000001518       0x42 ./src/FinalProject_MPU.o
 .debug_macro   0x000000000000155a      0xd39 ./src/FinalProject_MPU.o
 .debug_macro   0x0000000000002293      0x295 ./src/FinalProject_MPU.o
 .debug_macro   0x0000000000002528       0x50 ./src/FinalProject_MPU.o
 .debug_macro   0x0000000000002578       0x34 ./src/FinalProject_MPU.o
 .debug_macro   0x00000000000025ac      0x152 ./src/FinalProject_MPU.o
 .debug_macro   0x00000000000026fe       0x82 ./src/FinalProject_MPU.o
 .debug_macro   0x0000000000002780      0x48c ./src/FinalProject_MPU.o
 .debug_macro   0x0000000000002c0c      0x12d ./src/FinalProject_MPU.o
 .debug_macro   0x0000000000002d39       0x6a ./src/FinalProject_MPU.o
 .debug_macro   0x0000000000002da3       0x34 ./src/FinalProject_MPU.o
 .debug_macro   0x0000000000002dd7       0x58 ./src/FinalProject_MPU.o
 .debug_macro   0x0000000000002e2f      0x236 ./src/FinalProject_MPU.o
 .debug_macro   0x0000000000003065      0x4c5 ./src/FinalProject_MPU.o
 .debug_macro   0x000000000000352a      0x1da ./src/FinalProject_MPU.o
 .debug_macro   0x0000000000003704       0x10 ./src/FinalProject_MPU.o
 .debug_macro   0x0000000000003714      0x21b ./src/FinalProject_MPU.o
 .debug_macro   0x000000000000392f      0x1b9 ./src/FinalProject_MPU.o
 .debug_macro   0x0000000000003ae8       0x2e ./src/FinalProject_MPU.o
 .debug_macro   0x0000000000003b16       0x40 ./src/FinalProject_MPU.o
 .debug_macro   0x0000000000003b56      0x209 ./src/FinalProject_MPU.o
 .debug_macro   0x0000000000003d5f      0x2b3 ./src/FinalProject_MPU.o
 .debug_macro   0x0000000000004012      0x34c ./src/FinalProject_MPU.o
 .debug_macro   0x000000000000435e       0xb2 ./src/FinalProject_MPU.o
 .debug_macro   0x0000000000004410       0x16 ./src/FinalProject_MPU.o
 .debug_macro   0x0000000000004426       0xb8 ./src/FinalProject_MPU.o
 .debug_macro   0x00000000000044de       0x4c ./src/FinalProject_MPU.o
 .debug_macro   0x000000000000452a       0x16 ./src/FinalProject_MPU.o
 .debug_macro   0x0000000000004540      0x328 ./src/FinalProject_MPU.o
 .debug_macro   0x0000000000004868       0x3a ./src/FinalProject_MPU.o
 .debug_macro   0x00000000000048a2       0x16 ./src/FinalProject_MPU.o
 .debug_macro   0x00000000000048b8       0xca ./src/FinalProject_MPU.o
 .debug_macro   0x0000000000004982       0x18 ./src/FinalProject_MPU.o
 .debug_macro   0x000000000000499a       0x16 ./src/FinalProject_MPU.o
 .debug_macro   0x00000000000049b0       0x8e ./src/FinalProject_MPU.o
 .debug_macro   0x0000000000004a3e      0x124 ./src/FinalProject_MPU.o
 .debug_macro   0x0000000000004b62       0x6c ./src/FinalProject_MPU.o
 .debug_macro   0x0000000000004bce       0x20 ./src/FinalProject_MPU.o
 .debug_macro   0x0000000000004bee       0x2e ./src/FinalProject_MPU.o
 .debug_macro   0x0000000000004c1c       0xc4 ./src/FinalProject_MPU.o
 .debug_macro   0x0000000000004ce0       0xd3 ./src/FinalProject_MPU.o
 .debug_macro   0x0000000000004db3       0x70 ./src/FinalProject_MPU.o
 .debug_macro   0x0000000000004e23       0xa2 ./src/FusionAhrs.o
 .debug_macro   0x0000000000004ec5       0xc4 ./src/FusionAhrs.o
 .debug_macro   0x0000000000004f89       0xcd ./src/FusionAhrs.o
 .debug_macro   0x0000000000005056       0x1d ./src/cr_startup_lpc407x_8x.o
 .debug_macro   0x0000000000005073       0x1a ./src/crp.o
 .debug_macro   0x000000000000508d       0x34 ./src/crp.o
 .debug_macro   0x00000000000050c1      0x296 ./src/sysinit.o
 .debug_macro   0x0000000000005357       0x7b ./src/sysinit.o
 .debug_macro   0x00000000000053d2      0x3c6 /Users/dali/Documents/LPCXpresso_8.2.2/workspace/lpc_board_ea_devkit_4088/Debug/liblpc_board_ea_devkit_4088.a(board.o)
 .debug_macro   0x0000000000005798      0x89e /Users/dali/Documents/LPCXpresso_8.2.2/workspace/lpc_board_ea_devkit_4088/Debug/liblpc_board_ea_devkit_4088.a(board.o)
 .debug_macro   0x0000000000006036      0x29c /Users/dali/Documents/LPCXpresso_8.2.2/workspace/lpc_board_ea_devkit_4088/Debug/liblpc_board_ea_devkit_4088.a(board_sysinit.o)
 .debug_macro   0x00000000000062d2      0x22c /Users/dali/Documents/LPCXpresso_8.2.2/workspace/lpc_chip_40xx/Debug/liblpc_chip_40xx.a(chip_17xx_40xx.o)
 .debug_macro   0x00000000000064fe      0x22c /Users/dali/Documents/LPCXpresso_8.2.2/workspace/lpc_chip_40xx/Debug/liblpc_chip_40xx.a(clock_17xx_40xx.o)
 .debug_macro   0x000000000000672a      0x232 /Users/dali/Documents/LPCXpresso_8.2.2/workspace/lpc_chip_40xx/Debug/liblpc_chip_40xx.a(emc_17xx_40xx.o)
 .debug_macro   0x000000000000695c       0xbf /Users/dali/Documents/LPCXpresso_8.2.2/workspace/lpc_chip_40xx/Debug/liblpc_chip_40xx.a(fpu_init.o)
 .debug_macro   0x0000000000006a1b      0x23e /Users/dali/Documents/LPCXpresso_8.2.2/workspace/lpc_chip_40xx/Debug/liblpc_chip_40xx.a(i2c_17xx_40xx.o)
 .debug_macro   0x0000000000006c59      0x22c /Users/dali/Documents/LPCXpresso_8.2.2/workspace/lpc_chip_40xx/Debug/liblpc_chip_40xx.a(iocon_17xx_40xx.o)
 .debug_macro   0x0000000000006e85       0x83 /Users/dali/Documents/LPCXpresso_8.2.2/workspace/lpc_chip_40xx/Debug/liblpc_chip_40xx.a(ring_buffer.o)
 .debug_macro   0x0000000000006f08       0x10 /Users/dali/Documents/LPCXpresso_8.2.2/workspace/lpc_chip_40xx/Debug/liblpc_chip_40xx.a(ring_buffer.o)
 .debug_macro   0x0000000000006f18      0x22c /Users/dali/Documents/LPCXpresso_8.2.2/workspace/lpc_chip_40xx/Debug/liblpc_chip_40xx.a(ssp_17xx_40xx.o)
 .debug_macro   0x0000000000007144      0x22c /Users/dali/Documents/LPCXpresso_8.2.2/workspace/lpc_chip_40xx/Debug/liblpc_chip_40xx.a(sysctl_17xx_40xx.o)
 .debug_macro   0x0000000000007370      0x22c /Users/dali/Documents/LPCXpresso_8.2.2/workspace/lpc_chip_40xx/Debug/liblpc_chip_40xx.a(sysinit_17xx_40xx.o)
 .debug_macro   0x000000000000759c      0x22c /Users/dali/Documents/LPCXpresso_8.2.2/workspace/lpc_chip_40xx/Debug/liblpc_chip_40xx.a(timer_17xx_40xx.o)
 .debug_macro   0x00000000000077c8      0x22c /Users/dali/Documents/LPCXpresso_8.2.2/workspace/lpc_chip_40xx/Debug/liblpc_chip_40xx.a(uart_17xx_40xx.o)

.debug_line     0x0000000000000000     0x6c75
 .debug_line    0x0000000000000000      0xd99 ./src/FinalProject_MPU.o
 .debug_line    0x0000000000000d99      0x303 ./src/FusionAhrs.o
 .debug_line    0x000000000000109c       0xdc ./src/cr_startup_lpc407x_8x.o
 .debug_line    0x0000000000001178       0x7f ./src/crp.o
 .debug_line    0x00000000000011f7      0x575 ./src/sysinit.o
 .debug_line    0x000000000000176c      0xbcc /Users/dali/Documents/LPCXpresso_8.2.2/workspace/lpc_board_ea_devkit_4088/Debug/liblpc_board_ea_devkit_4088.a(board.o)
 .debug_line    0x0000000000002338      0x62e /Users/dali/Documents/LPCXpresso_8.2.2/workspace/lpc_board_ea_devkit_4088/Debug/liblpc_board_ea_devkit_4088.a(board_sysinit.o)
 .debug_line    0x0000000000002966      0x4e1 /Users/dali/Documents/LPCXpresso_8.2.2/workspace/lpc_chip_40xx/Debug/liblpc_chip_40xx.a(chip_17xx_40xx.o)